Component: ARM Compiler 5.06 update 6 (build 750) Tool: armlink [4d35ed]

==============================================================================

Section Cross References

    main.o(i.main) refers to delay.o(i.delay_init) for delay_init
    main.o(i.main) refers to bridgeflash.o(i.BdgFlashInit) for BdgFlashInit
    main.o(i.main) refers to sys.o(i.NVIC_Config) for NVIC_Config
    main.o(i.main) refers to key.o(i.KEY_Init) for KEY_Init
    main.o(i.main) refers to bsp_beep.o(i.Beep_Init) for Beep_Init
    main.o(i.main) refers to bsp_oled_iic.o(i.oled_Init) for oled_Init
    main.o(i.main) refers to led.o(i.LED_GPIO_Config) for LED_GPIO_Config
    main.o(i.main) refers to relay.o(i.RELAY_GPIO_Config) for RELAY_GPIO_Config
    main.o(i.main) refers to drip.o(i.Drip_Init) for Drip_Init
    main.o(i.main) refers to adc.o(i.Adc_Init) for Adc_Init
    main.o(i.main) refers to ds18b20.o(i.DS18B20_Init) for DS18B20_Init
    main.o(i.main) refers to time2.o(i.TIM2_Init) for TIM2_Init
    main.o(i.main) refers to time1.o(i.TIM1_Int_Init) for TIM1_Int_Init
    main.o(i.main) refers to bsp_oled_iic.o(i.oled_Clear) for oled_Clear
    main.o(i.main) refers to drip.o(i.DripRate_Check) for DripRate_Check
    main.o(i.main) refers to adc.o(i.Get_Adc_Average) for Get_Adc_Average
    main.o(i.main) refers to ds18b20.o(i.read_ds18b20) for read_ds18b20
    main.o(i.main) refers to menu.o(i.Mode_selection) for Mode_selection
    main.o(i.main) refers to bridgeflash.o(i.save_Threshold) for save_Threshold
    main.o(i.main) refers to main.o(.data) for SensorData
    menu.o(i.Action) refers to stm32f10x_gpio.o(i.GPIO_SetBits) for GPIO_SetBits
    menu.o(i.Action) refers to stm32f10x_gpio.o(i.GPIO_ResetBits) for GPIO_ResetBits
    menu.o(i.Action) refers to main.o(.data) for System
    menu.o(i.Asterisk) refers to bsp_oled_iic.o(i.oled_ShowString) for oled_ShowString
    menu.o(i.Automatic) refers to cfcmple.o(.text) for __aeabi_cfcmpeq
    menu.o(i.Automatic) refers to ffltui.o(.text) for __aeabi_ui2f
    menu.o(i.Automatic) refers to cfrcmple.o(.text) for __aeabi_cfrcmple
    menu.o(i.Automatic) refers to main.o(.data) for SensorData
    menu.o(i.Display) refers to bsp_oled_iic.o(i.oled_ShowCHinese) for oled_ShowCHinese
    menu.o(i.Display) refers to bsp_oled_iic.o(i.oled_ShowString) for oled_ShowString
    menu.o(i.Display) refers to bsp_oled_iic.o(i.oled_ShowNum) for oled_ShowNum
    menu.o(i.Display) refers to bsp_oled_iic.o(i.OLED_ShowFNum) for OLED_ShowFNum
    menu.o(i.Display) refers to main.o(.data) for SensorData
    menu.o(i.Mode_selection) refers to menu.o(i.Action) for Action
    menu.o(i.Mode_selection) refers to bsp_oled_iic.o(i.oled_Clear) for oled_Clear
    menu.o(i.Mode_selection) refers to menu.o(i.Display) for Display
    menu.o(i.Mode_selection) refers to menu.o(i.Automatic) for Automatic
    menu.o(i.Mode_selection) refers to menu.o(i.Threshold_Settings) for Threshold_Settings
    menu.o(i.Mode_selection) refers to key.o(.data) for isKey1
    menu.o(i.Mode_selection) refers to menu.o(.data) for mode_selection
    menu.o(i.Threshold_Settings) refers to menu.o(i.Asterisk) for Asterisk
    menu.o(i.Threshold_Settings) refers to bsp_oled_iic.o(i.oled_ShowCHinese) for oled_ShowCHinese
    menu.o(i.Threshold_Settings) refers to bsp_oled_iic.o(i.oled_ShowString) for oled_ShowString
    menu.o(i.Threshold_Settings) refers to bsp_oled_iic.o(i.oled_ShowNum) for oled_ShowNum
    menu.o(i.Threshold_Settings) refers to key.o(.data) for isKey2
    menu.o(i.Threshold_Settings) refers to menu.o(.data) for thresholdFlag
    menu.o(i.Threshold_Settings) refers to main.o(.data) for Threshold
    time2.o(i.TIM2_IRQHandler) refers to stm32f10x_tim.o(i.TIM_GetITStatus) for TIM_GetITStatus
    time2.o(i.TIM2_IRQHandler) refers to key.o(i.KeyScan) for KeyScan
    time2.o(i.TIM2_IRQHandler) refers to stm32f10x_tim.o(i.TIM_ClearITPendingBit) for TIM_ClearITPendingBit
    time2.o(i.TIM2_Init) refers to stm32f10x_tim.o(i.TIM_DeInit) for TIM_DeInit
    time2.o(i.TIM2_Init) refers to stm32f10x_rcc.o(i.RCC_APB1PeriphClockCmd) for RCC_APB1PeriphClockCmd
    time2.o(i.TIM2_Init) refers to stm32f10x_tim.o(i.TIM_TimeBaseInit) for TIM_TimeBaseInit
    time2.o(i.TIM2_Init) refers to stm32f10x_tim.o(i.TIM_TimeBaseStructInit) for TIM_TimeBaseStructInit
    time2.o(i.TIM2_Init) refers to stm32f10x_tim.o(i.TIM_ITConfig) for TIM_ITConfig
    time2.o(i.TIM2_Init) refers to stm32f10x_tim.o(i.TIM_Cmd) for TIM_Cmd
    sys.o(i.NVIC_Config) refers to misc.o(i.NVIC_PriorityGroupConfig) for NVIC_PriorityGroupConfig
    sys.o(i.NVIC_Config) refers to misc.o(i.NVIC_Init) for NVIC_Init
    bridgeflash.o(i.BdgFlashInit) refers to stm32f10x_flash.o(i.FLASH_Unlock) for FLASH_Unlock
    bridgeflash.o(i.BdgFlashInit) refers to stm32f10x_flash.o(i.FLASH_ClearFlag) for FLASH_ClearFlag
    bridgeflash.o(i.BdgFlashInit) refers to stm32f10x_flash.o(i.FLASH_Lock) for FLASH_Lock
[...]
    Removing stm32f10x_tim.o(i.TIM_ETRClockMode2Config), (32 bytes).
    Removing stm32f10x_tim.o(i.TIM_ETRConfig), (28 bytes).
    Removing stm32f10x_tim.o(i.TIM_EncoderInterfaceConfig), (66 bytes).
    Removing stm32f10x_tim.o(i.TIM_ForcedOC1Config), (18 bytes).
    Removing stm32f10x_tim.o(i.TIM_ForcedOC2Config), (26 bytes).
    Removing stm32f10x_tim.o(i.TIM_ForcedOC3Config), (18 bytes).
    Removing stm32f10x_tim.o(i.TIM_ForcedOC4Config), (26 bytes).
    Removing stm32f10x_tim.o(i.TIM_GenerateEvent), (4 bytes).
    Removing stm32f10x_tim.o(i.TIM_GetCapture1), (6 bytes).
    Removing stm32f10x_tim.o(i.TIM_GetCapture2), (6 bytes).
    Removing stm32f10x_tim.o(i.TIM_GetCapture3), (6 bytes).
    Removing stm32f10x_tim.o(i.TIM_GetCapture4), (8 bytes).
    Removing stm32f10x_tim.o(i.TIM_GetCounter), (6 bytes).
    Removing stm32f10x_tim.o(i.TIM_GetFlagStatus), (18 bytes).
    Removing stm32f10x_tim.o(i.TIM_GetPrescaler), (6 bytes).
    Removing stm32f10x_tim.o(i.TIM_ICInit), (172 bytes).
    Removing stm32f10x_tim.o(i.TIM_ICStructInit), (18 bytes).
    Removing stm32f10x_tim.o(i.TIM_ITRxExternalClockConfig), (24 bytes).
    Removing stm32f10x_tim.o(i.TIM_InternalClockConfig), (12 bytes).
    Removing stm32f10x_tim.o(i.TIM_OC1FastConfig), (18 bytes).
    Removing stm32f10x_tim.o(i.TIM_OC1Init), (152 bytes).
    Removing stm32f10x_tim.o(i.TIM_OC1NPolarityConfig), (18 bytes).
    Removing stm32f10x_tim.o(i.TIM_OC1PolarityConfig), (18 bytes).
    Removing stm32f10x_tim.o(i.TIM_OC1PreloadConfig), (18 bytes).
    Removing stm32f10x_tim.o(i.TIM_OC2FastConfig), (26 bytes).
    Removing stm32f10x_tim.o(i.TIM_OC2Init), (164 bytes).
    Removing stm32f10x_tim.o(i.TIM_OC2NPolarityConfig), (26 bytes).
    Removing stm32f10x_tim.o(i.TIM_OC2PolarityConfig), (26 bytes).
    Removing stm32f10x_tim.o(i.TIM_OC2PreloadConfig), (26 bytes).
    Removing stm32f10x_tim.o(i.TIM_OC3FastConfig), (18 bytes).
    Removing stm32f10x_tim.o(i.TIM_OC3Init), (160 bytes).
    Removing stm32f10x_tim.o(i.TIM_OC3NPolarityConfig), (26 bytes).
    Removing stm32f10x_tim.o(i.TIM_OC3PolarityConfig), (26 bytes).
    Removing stm32f10x_tim.o(i.TIM_OC3PreloadConfig), (18 bytes).
    Removing stm32f10x_tim.o(i.TIM_OC4FastConfig), (26 bytes).
    Removing stm32f10x_tim.o(i.TIM_OC4Init), (124 bytes).
    Removing stm32f10x_tim.o(i.TIM_OC4PolarityConfig), (26 bytes).
    Removing stm32f10x_tim.o(i.TIM_OC4PreloadConfig), (26 bytes).
    Removing stm32f10x_tim.o(i.TIM_OCStructInit), (20 bytes).
    Removing stm32f10x_tim.o(i.TIM_PWMIConfig), (124 bytes).
    Removing stm32f10x_tim.o(i.TIM_PrescalerConfig), (6 bytes).
    Removing stm32f10x_tim.o(i.TIM_SelectCCDMA), (24 bytes).
    Removing stm32f10x_tim.o(i.TIM_SelectCOM), (24 bytes).
    Removing stm32f10x_tim.o(i.TIM_SelectHallSensor), (24 bytes).
    Removing stm32f10x_tim.o(i.TIM_SelectInputTrigger), (18 bytes).
    Removing stm32f10x_tim.o(i.TIM_SelectMasterSlaveMode), (18 bytes).
    Removing stm32f10x_tim.o(i.TIM_SelectOCxM), (82 bytes).
    Removing stm32f10x_tim.o(i.TIM_SelectOnePulseMode), (18 bytes).
    Removing stm32f10x_tim.o(i.TIM_SelectOutputTrigger), (18 bytes).
    Removing stm32f10x_tim.o(i.TIM_SelectSlaveMode), (18 bytes).
    Removing stm32f10x_tim.o(i.TIM_SetAutoreload), (4 bytes).
    Removing stm32f10x_tim.o(i.TIM_SetClockDivision), (18 bytes).
    Removing stm32f10x_tim.o(i.TIM_SetCompare1), (4 bytes).
    Removing stm32f10x_tim.o(i.TIM_SetCompare2), (4 bytes).
    Removing stm32f10x_tim.o(i.TIM_SetCompare3), (4 bytes).
    Removing stm32f10x_tim.o(i.TIM_SetCompare4), (6 bytes).
    Removing stm32f10x_tim.o(i.TIM_SetCounter), (4 bytes).
    Removing stm32f10x_tim.o(i.TIM_SetIC1Prescaler), (18 bytes).
    Removing stm32f10x_tim.o(i.TIM_SetIC2Prescaler), (26 bytes).
    Removing stm32f10x_tim.o(i.TIM_SetIC3Prescaler), (18 bytes).
    Removing stm32f10x_tim.o(i.TIM_SetIC4Prescaler), (26 bytes).
    Removing stm32f10x_tim.o(i.TIM_TIxExternalClockConfig), (62 bytes).
    Removing stm32f10x_tim.o(i.TIM_UpdateDisableConfig), (24 bytes).
    Removing stm32f10x_tim.o(i.TIM_UpdateRequestConfig), (24 bytes).
    Removing stm32f10x_usart.o(i.USART_ClearFlag), (18 bytes).
    Removing stm32f10x_usart.o(i.USART_ClearITPendingBit), (30 bytes).
    Removing stm32f10x_usart.o(i.USART_ClockInit), (34 bytes).
    Removing stm32f10x_usart.o(i.USART_ClockStructInit), (12 bytes).
    Removing stm32f10x_usart.o(i.USART_Cmd), (24 bytes).
    Removing stm32f10x_usart.o(i.USART_DMACmd), (18 bytes).
    Removing stm32f10x_usart.o(i.USART_DeInit), (156 bytes).
    Removing stm32f10x_usart.o(i.USART_GetFlagStatus), (26 bytes).
    Removing stm32f10x_usart.o(i.USART_GetITStatus), (84 bytes).
    Removing stm32f10x_usart.o(i.USART_HalfDuplexCmd), (24 bytes).
    Removing stm32f10x_usart.o(i.USART_ITConfig), (74 bytes).
    Removing stm32f10x_usart.o(i.USART_Init), (216 bytes).
    Removing stm32f10x_usart.o(i.USART_IrDACmd), (24 bytes).
    Removing stm32f10x_usart.o(i.USART_IrDAConfig), (18 bytes).
    Removing stm32f10x_usart.o(i.USART_LINBreakDetectLengthConfig), (18 bytes).
    Removing stm32f10x_usart.o(i.USART_LINCmd), (24 bytes).
    Removing stm32f10x_usart.o(i.USART_OneBitMethodCmd), (24 bytes).
    Removing stm32f10x_usart.o(i.USART_OverSampling8Cmd), (22 bytes).
    Removing stm32f10x_usart.o(i.USART_ReceiveData), (10 bytes).
    Removing stm32f10x_usart.o(i.USART_ReceiverWakeUpCmd), (24 bytes).
    Removing stm32f10x_usart.o(i.USART_SendBreak), (10 bytes).
    Removing stm32f10x_usart.o(i.USART_SendData), (8 bytes).
    Removing stm32f10x_usart.o(i.USART_SetAddress), (18 bytes).
    Removing stm32f10x_usart.o(i.USART_SetGuardTime), (16 bytes).
    Removing stm32f10x_usart.o(i.USART_SetPrescaler), (16 bytes).
    Removing stm32f10x_usart.o(i.USART_SmartCardCmd), (24 bytes).
    Removing stm32f10x_usart.o(i.USART_SmartCardNACKCmd), (24 bytes).
    Removing stm32f10x_usart.o(i.USART_StructInit), (24 bytes).
    Removing stm32f10x_usart.o(i.USART_WakeUpConfig), (18 bytes).
    Removing stm32f10x_wwdg.o(i.WWDG_ClearFlag), (12 bytes).
    Removing stm32f10x_wwdg.o(i.WWDG_DeInit), (22 bytes).
    Removing stm32f10x_wwdg.o(i.WWDG_Enable), (16 bytes).
    Removing stm32f10x_wwdg.o(i.WWDG_EnableIT), (12 bytes).
    Removing stm32f10x_wwdg.o(i.WWDG_GetFlagStatus), (12 bytes).
    Removing stm32f10x_wwdg.o(i.WWDG_SetCounter), (16 bytes).
    Removing stm32f10x_wwdg.o(i.WWDG_SetPrescaler), (24 bytes).
    Removing stm32f10x_wwdg.o(i.WWDG_SetWindowValue), (40 bytes).

468 unused section(s) (total 101512 bytes) removed from the image.

==============================================================================

Image Symbol Table

    Local Symbols

    Symbol Name                              Value     Ov Type        Size  Object(Section)

    ../clib/microlib/ctype/ctype.c           0x00000000   Number         0  isdigit_o.o ABSOLUTE
    ../clib/microlib/ctype/ctype.c           0x00000000   Number         0  isprint_o.o ABSOLUTE
    ../clib/microlib/ctype/ctype.c           0x00000000   Number         0  islower_o.o ABSOLUTE
    ../clib/microlib/ctype/ctype.c           0x00000000   Number         0  isgraph_o.o ABSOLUTE
    ../clib/microlib/ctype/ctype.c           0x00000000   Number         0  iscntrl_o.o ABSOLUTE
    ../clib/microlib/ctype/ctype.c           0x00000000   Number         0  isblank_o.o ABSOLUTE
    ../clib/microlib/ctype/ctype.c           0x00000000   Number         0  isalpha_o.o ABSOLUTE
    ../clib/microlib/ctype/ctype.c           0x00000000   Number         0  isalnum_o.o ABSOLUTE
    ../clib/microlib/ctype/ctype.c           0x00000000   Number         0  ctype_o.o ABSOLUTE
    ../clib/microlib/ctype/ctype.c           0x00000000   Number         0  isxdigit_o.o ABSOLUTE
    ../clib/microlib/ctype/ctype.c           0x00000000   Number         0  isupper_o.o ABSOLUTE
    ../clib/microlib/ctype/ctype.c           0x00000000   Number         0  isspace_o.o ABSOLUTE
    ../clib/microlib/ctype/ctype.c           0x00000000   Number         0  ispunct_o.o ABSOLUTE
    ../clib/microlib/division.c              0x00000000   Number         0  uidiv.o ABSOLUTE
    ../clib/microlib/division.c              0x00000000   Number         0  uldiv.o ABSOLUTE
    ../clib/microlib/errno.c                 0x00000000   Number         0  errno.o ABSOLUTE
    ../clib/microlib/init/entry.s            0x00000000   Number         0  entry2.o ABSOLUTE
    ../clib/microlib/init/entry.s            0x00000000   Number         0  entry5.o ABSOLUTE
    ../clib/microlib/init/entry.s            0x00000000   Number         0  entry10a.o ABSOLUTE
    ../clib/microlib/init/entry.s            0x00000000   Number         0  entry7a.o ABSOLUTE
    ../clib/microlib/init/entry.s            0x00000000   Number         0  entry7b.o ABSOLUTE
    ../clib/microlib/init/entry.s            0x00000000   Number         0  entry8a.o ABSOLUTE
    ../clib/microlib/init/entry.s            0x00000000   Number         0  entry8b.o ABSOLUTE
    ../clib/microlib/init/entry.s            0x00000000   Number         0  entry11b.o ABSOLUTE
    ../clib/microlib/init/entry.s            0x00000000   Number         0  entry9a.o ABSOLUTE
    ../clib/microlib/init/entry.s            0x00000000   Number         0  entry11a.o ABSOLUTE
    ../clib/microlib/init/entry.s            0x00000000   Number         0  entry10b.o ABSOLUTE
    ../clib/microlib/init/entry.s            0x00000000   Number         0  entry9b.o ABSOLUTE
    ../clib/microlib/init/entry.s            0x00000000   Number         0  entry.o ABSOLUTE
    ../clib/microlib/longlong.c              0x00000000   Number         0  llushr.o ABSOLUTE
    ../clib/microlib/longlong.c              0x00000000   Number         0  llshl.o ABSOLUTE
    ../clib/microlib/longlong.c              0x00000000   Number         0  llsshr.o ABSOLUTE
    ../clib/microlib/printf/printf.c         0x00000000   Number         0  printf8.o ABSOLUTE
    ../clib/microlib/printf/printf.c         0x00000000   Number         0  printf2.o ABSOLUTE
    ../clib/microlib/printf/printf.c         0x00000000   Number         0  printfb.o ABSOLUTE
    ../clib/microlib/printf/printf.c         0x00000000   Number         0  printf1.o ABSOLUTE
    ../clib/microlib/printf/printf.c         0x00000000   Number         0  printf6.o ABSOLUTE
    ../clib/microlib/printf/printf.c         0x00000000   Number         0  printf3.o ABSOLUTE
    ../clib/microlib/printf/printf.c         0x00000000   Number         0  printf5.o ABSOLUTE
    ../clib/microlib/printf/printf.c         0x00000000   Number         0  printf7.o ABSOLUTE
    ../clib/microlib/printf/printf.c         0x00000000   Number         0  printf0.o ABSOLUTE
    ../clib/microlib/printf/printf.c         0x00000000   Number         0  printfa.o ABSOLUTE
    ../clib/microlib/printf/printf.c         0x00000000   Number         0  printf4.o ABSOLUTE
    ../clib/microlib/printf/stubs.s          0x00000000   Number         0  stubs.o ABSOLUTE
    ../clib/microlib/stdio/fputc.c           0x00000000   Number         0  fputc.o ABSOLUTE
    ../clib/microlib/stdio/semi.s            0x00000000   Number         0  semi.o ABSOLUTE
    ../clib/microlib/stdio/streams.c         0x00000000   Number         0  stdout.o ABSOLUTE
    ../clib/microlib/string/memcpy.c         0x00000000   Number         0  memcpya.o ABSOLUTE
    ../clib/microlib/string/memcpy.c         0x00000000   Number         0  memcpyb.o ABSOLUTE
    ../clib/microlib/stubs.s                 0x00000000   Number         0  iusefp.o ABSOLUTE
    ../clib/microlib/stubs.s                 0x00000000   Number         0  iusesemip.o ABSOLUTE
    ../clib/scanf.c                          0x00000000   Number         0  strtol.o ABSOLUTE
    ../clib/scanf.c                          0x00000000   Number         0  atoi.o ABSOLUTE
    ../clib/scanf.c                          0x00000000   Number         0  _chval.o ABSOLUTE
    ../clib/scanf.c                          0x00000000   Number         0  _strtoul.o ABSOLUTE
    ../fplib/microlib/d2f.c                  0x00000000   Number         0  d2f.o ABSOLUTE
    ../fplib/microlib/f2d.c                  0x00000000   Number         0  f2d.o ABSOLUTE
    ../fplib/microlib/fpadd.c                0x00000000   Number         0  dadd.o ABSOLUTE
    ../fplib/microlib/fpdiv.c                0x00000000   Number         0  ddiv.o ABSOLUTE
    ../fplib/microlib/fpepilogue.c           0x00000000   Number         0  depilogue.o ABSOLUTE
    ../fplib/microlib/fpepilogue.c           0x00000000   Number         0  fepilogue.o ABSOLUTE
    ../fplib/microlib/fpfix.c                0x00000000   Number         0  dfixul.o ABSOLUTE
    ../fplib/microlib/fpflt.c                0x00000000   Number         0  dflti.o ABSOLUTE
    ../fplib/microlib/fpflt.c                0x00000000   Number         0  ffltui.o ABSOLUTE
    ../fplib/microlib/fpmul.c                0x00000000   Number         0  dmul.o ABSOLUTE
    ..\Libraries\CMSIS\core_cm3.c            0x00000000   Number         0  core_cm3.o ABSOLUTE
    ..\Libraries\CMSIS\startup\arm\startup_stm32f10x_md.s 0x00000000   Number         0  startup_stm32f10x_md.o ABSOLUTE
    ..\Libraries\CMSIS\system_stm32f10x.c    0x00000000   Number         0  system_stm32f10x.o ABSOLUTE
    ..\Libraries\STM32F10x_StdPeriph_Driver\src\misc.c 0x00000000   Number         0  misc.o ABSOLUTE
    ..\Libraries\STM32F10x_StdPeriph_Driver\src\stm32f10x_adc.c 0x00000000   Number         0  stm32f10x_adc.o ABSOLUTE
    ..\Libraries\STM32F10x_StdPeriph_Driver\src\stm32f10x_bkp.c 0x00000000   Number         0  stm32f10x_bkp.o ABSOLUTE
    ..\Libraries\STM32F10x_StdPeriph_Driver\src\stm32f10x_can.c 0x00000000   Number         0  stm32f10x_can.o ABSOLUTE
    ..\Libraries\STM32F10x_StdPeriph_Driver\src\stm32f10x_cec.c 0x00000000   Number         0  stm32f10x_cec.o ABSOLUTE
    ..\Libraries\STM32F10x_StdPeriph_Driver\src\stm32f10x_crc.c 0x00000000   Number         0  stm32f10x_crc.o ABSOLUTE
    ..\Libraries\STM32F10x_StdPeriph_Driver\src\stm32f10x_dac.c 0x00000000   Number         0  stm32f10x_dac.o ABSOLUTE
    ..\Libraries\STM32F10x_StdPeriph_Driver\src\stm32f10x_dbgmcu.c 0x00000000   Number         0  stm32f10x_dbgmcu.o ABSOLUTE
    ..\Libraries\STM32F10x_StdPeriph_Driver\src\stm32f10x_dma.c 0x00000000   Number         0  stm32f10x_dma.o ABSOLUTE
    ..\Libraries\STM32F10x_StdPeriph_Driver\src\stm32f10x_exti.c 0x00000000   Number         0  stm32f10x_exti.o ABSOLUTE
    ..\Libraries\STM32F10x_StdPeriph_Driver\src\stm32f10x_flash.c 0x00000000   Number         0  stm32f10x_flash.o ABSOLUTE
    ..\Libraries\STM32F10x_StdPeriph_Driver\src\stm32f10x_fsmc.c 0x00000000   Number         0  stm32f10x_fsmc.o ABSOLUTE
    ..\Libraries\STM32F10x_StdPeriph_Driver\src\stm32f10x_gpio.c 0x00000000   Number         0  stm32f10x_gpio.o ABSOLUTE
    ..\Libraries\STM32F10x_StdPeriph_Driver\src\stm32f10x_i2c.c 0x00000000   Number         0  stm32f10x_i2c.o ABSOLUTE
    ..\Libraries\STM32F10x_StdPeriph_Driver\src\stm32f10x_iwdg.c 0x00000000   Number         0  stm32f10x_iwdg.o ABSOLUTE
    ..\Libraries\STM32F10x_StdPeriph_Driver\src\stm32f10x_pwr.c 0x00000000   Number         0  stm32f10x_pwr.o ABSOLUTE
    ..\Libraries\STM32F10x_StdPeriph_Driver\src\stm32f10x_rcc.c 0x00000000   Number         0  stm32f10x_rcc.o ABSOLUTE
    ..\Libraries\STM32F10x_StdPeriph_Driver\src\stm32f10x_rtc.c 0x00000000   Number         0  stm32f10x_rtc.o ABSOLUTE
    ..\Libraries\STM32F10x_StdPeriph_Driver\src\stm32f10x_sdio.c 0x00000000   Number         0  stm32f10x_sdio.o ABSOLUTE
    ..\Libraries\STM32F10x_StdPeriph_Driver\src\stm32f10x_spi.c 0x00000000   Number         0  stm32f10x_spi.o ABSOLUTE
    ..\Libraries\STM32F10x_StdPeriph_Driver\src\stm32f10x_tim.c 0x00000000   Number         0  stm32f10x_tim.o ABSOLUTE
    ..\Libraries\STM32F10x_StdPeriph_Driver\src\stm32f10x_usart.c 0x00000000   Number         0  stm32f10x_usart.o ABSOLUTE
    ..\Libraries\STM32F10x_StdPeriph_Driver\src\stm32f10x_wwdg.c 0x00000000   Number         0  stm32f10x_wwdg.o ABSOLUTE
    ..\SYS\flash\BridgeFlash.c               0x00000000   Number         0  bridgeflash.o ABSOLUTE
    ..\SYS\main.c                            0x00000000   Number         0  main.o ABSOLUTE
    ..\SYS\menu\menu.c                       0x00000000   Number         0  menu.o ABSOLUTE
    ..\SYS\sys.c                             0x00000000   Number         0  sys.o ABSOLUTE
    ..\SYS\time\time1.c                      0x00000000   Number         0  time1.o ABSOLUTE
    ..\SYS\time\time2.c                      0x00000000   Number         0  time2.o ABSOLUTE
    ..\User\adc\adc.c                        0x00000000   Number         0  adc.o ABSOLUTE
    ..\User\beep\bsp_beep.c                  0x00000000   Number         0  bsp_beep.o ABSOLUTE
    ..\User\delay\delay.c                    0x00000000   Number         0  delay.o ABSOLUTE
    ..\User\drip\drip.c                      0x00000000   Number         0  drip.o ABSOLUTE
    ..\User\ds18b20\ds18b20.c                0x00000000   Number         0  ds18b20.o ABSOLUTE
    ..\User\key\key.c                        0x00000000   Number         0  key.o ABSOLUTE
    ..\User\led\led.c                        0x00000000   Number         0  led.o ABSOLUTE
    ..\User\oled\bsp_oled_iic.c              0x00000000   Number         0  bsp_oled_iic.o ABSOLUTE
    ..\User\relay\relay.c                    0x00000000   Number         0  relay.o ABSOLUTE
    ..\User\stm32f10x_it.c                   0x00000000   Number         0  stm32f10x_it.o ABSOLUTE
    ..\\Libraries\\CMSIS\\core_cm3.c         0x00000000   Number         0  core_cm3.o ABSOLUTE
    cdrcmple.s                               0x00000000   Number         0  cdrcmple.o ABSOLUTE
    cfcmple.s                                0x00000000   Number         0  cfcmple.o ABSOLUTE
    cfrcmple.s                               0x00000000   Number         0  cfrcmple.o ABSOLUTE
    dc.s                                     0x00000000   Number         0  dc.o ABSOLUTE
    handlers.s                               0x00000000   Number         0  handlers.o ABSOLUTE
    init.s                                   0x00000000   Number         0  init.o ABSOLUTE
    RESET                                    0x08000000   Section      236  startup_stm32f10x_md.o(RESET)
    .ARM.Collect$$$$00000000                 0x080000ec   Section        0  entry.o(.ARM.Collect$$$$00000000)
    .ARM.Collect$$$$00000001                 0x080000ec   Section        4  entry2.o(.ARM.Collect$$$$00000001)
    .ARM.Collect$$$$00000004                 0x080000f0   Section        4  entry5.o(.ARM.Collect$$$$00000004)
    .ARM.Collect$$$$00000008                 0x080000f4   Section        0  entry7b.o(.ARM.Collect$$$$00000008)
    .ARM.Collect$$$$0000000A                 0x080000f4   Section        0  entry8b.o(.ARM.Collect$$$$0000000A)
    .ARM.Collect$$$$0000000B                 0x080000f4   Section        8  entry9a.o(.ARM.Collect$$$$0000000B)
    .ARM.Collect$$$$0000000D                 0x080000fc   Section        0  entry10a.o(.ARM.Collect$$$$0000000D)
    .ARM.Collect$$$$0000000F                 0x080000fc   Section        0  entry11a.o(.ARM.Collect$$$$0000000F)
    .ARM.Collect$$$$00002712                 0x080000fc   Section        4  entry2.o(.ARM.Collect$$$$00002712)
    __lit__00000000                          0x080000fc   Data           4  entry2.o(.ARM.Collect$$$$00002712)
    .text                                    0x08000100   Section       36  startup_stm32f10x_md.o(.text)
    .text                                    0x08000124   Section        0  memcpya.o(.text)
    .text                                    0x08000148   Section        0  atoi.o(.text)
    .text                                    0x08000162   Section        0  dadd.o(.text)
    .text                                    0x080002b0   Section        0  dmul.o(.text)
    .text                                    0x08000394   Section        0  ffltui.o(.text)
    .text                                    0x0800039e   Section        0  dflti.o(.text)
    .text                                    0x080003c0   Section        0  f2d.o(.text)
    .text                                    0x080003e6   Section        0  d2f.o(.text)
    .text                                    0x08000420   Section       20  cfcmple.o(.text)
    .text                                    0x08000434   Section       20  cfrcmple.o(.text)
    .text                                    0x08000448   Section        0  uidiv.o(.text)
    .text                                    0x08000474   Section        0  uldiv.o(.text)
    .text                                    0x080004d6   Section        0  llshl.o(.text)
    .text                                    0x080004f4   Section        0  llsshr.o(.text)
    .text                                    0x08000518   Section        0  strtol.o(.text)
    .text                                    0x08000588   Section        0  fepilogue.o(.text)
    .text                                    0x08000588   Section        0  iusefp.o(.text)
    .text                                    0x080005f6   Section        0  depilogue.o(.text)
    .text                                    0x080006b0   Section        0  ddiv.o(.text)
    .text                                    0x0800078e   Section        0  dfixul.o(.text)
    .text                                    0x080007c0   Section       48  cdrcmple.o(.text)
    .text                                    0x080007f0   Section       36  init.o(.text)
    .text                                    0x08000814   Section        0  llushr.o(.text)
    .text                                    0x08000834   Section        0  ctype_o.o(.text)
    .text                                    0x0800083c   Section        0  _strtoul.o(.text)
    .text                                    0x080008da   Section        0  _chval.o(.text)
    i.ADC_Cmd                                0x080008f6   Section        0  stm32f10x_adc.o(i.ADC_Cmd)
    i.ADC_DeInit                             0x0800090c   Section        0  stm32f10x_adc.o(i.ADC_DeInit)
    i.ADC_GetCalibrationStatus               0x08000968   Section        0  stm32f10x_adc.o(i.ADC_GetCalibrationStatus)
    i.ADC_GetConversionValue                 0x0800097c   Section        0  stm32f10x_adc.o(i.ADC_GetConversionValue)
    i.ADC_GetFlagStatus                      0x08000984   Section        0  stm32f10x_adc.o(i.ADC_GetFlagStatus)
    i.ADC_GetResetCalibrationStatus          0x08000996   Section        0  stm32f10x_adc.o(i.ADC_GetResetCalibrationStatus)
    i.ADC_Init                               0x080009ac   Section        0  stm32f10x_adc.o(i.ADC_Init)
    i.ADC_RegularChannelConfig               0x080009fc   Section        0  stm32f10x_adc.o(i.ADC_RegularChannelConfig)
    i.ADC_ResetCalibration                   0x08000ab4   Section        0  stm32f10x_adc.o(i.ADC_ResetCalibration)
    i.ADC_SoftwareStartConvCmd               0x08000abe   Section        0  stm32f10x_adc.o(i.ADC_SoftwareStartConvCmd)
    i.ADC_StartCalibration                   0x08000ad4   Section        0  stm32f10x_adc.o(i.ADC_StartCalibration)
    i.Action                                 0x08000ae0   Section        0  menu.o(i.Action)
    i.Adc_Init                               0x08000b48   Section        0  adc.o(i.Adc_Init)
    i.Asterisk                               0x08000bd4   Section        0  menu.o(i.Asterisk)
    i.Automatic                              0x08000c68   Section        0  menu.o(i.Automatic)
    i.BdgFlashInit                           0x08000d04   Section        0  bridgeflash.o(i.BdgFlashInit)
    i.Beep_Init                              0x08000d20   Section        0  bsp_beep.o(i.Beep_Init)
    i.BusFault_Handler                       0x08000d58   Section        0  stm32f10x_it.o(i.BusFault_Handler)
    i.DS18B20_Init                           0x08000d5c   Section        0  ds18b20.o(i.DS18B20_Init)
    i.DS18B20_ReadBit                        0x08000da4   Section        0  ds18b20.o(i.DS18B20_ReadBit)
    i.DS18B20_ReadByte                       0x08000dd8   Section        0  ds18b20.o(i.DS18B20_ReadByte)
    i.DS18B20_Reset                          0x08000df8   Section        0  ds18b20.o(i.DS18B20_Reset)
    i.DS18B20_WriteBit                       0x08000e34   Section        0  ds18b20.o(i.DS18B20_WriteBit)
    i.DS18B20_WriteByte                      0x08000e68   Section        0  ds18b20.o(i.DS18B20_WriteByte)
    i.DebugMon_Handler                       0x08000e84   Section        0  stm32f10x_it.o(i.DebugMon_Handler)
    i.Delay_1ms                              0x08000e86   Section        0  bsp_oled_iic.o(i.Delay_1ms)
    i.Display                                0x08000ea0   Section        0  menu.o(i.Display)
    i.DripRate_Check                         0x08000fa8   Section        0  drip.o(i.DripRate_Check)
    i.Drip_Init                              0x08001104   Section        0  drip.o(i.Drip_Init)
    i.FLASH_ClearFlag                        0x08001130   Section        0  stm32f10x_flash.o(i.FLASH_ClearFlag)
    i.FLASH_ErasePage                        0x0800113c   Section        0  stm32f10x_flash.o(i.FLASH_ErasePage)
    i.FLASH_ErasePage_user                   0x08001188   Section        0  bridgeflash.o(i.FLASH_ErasePage_user)
    i.FLASH_GetBank1Status                   0x080011b4   Section        0  stm32f10x_flash.o(i.FLASH_GetBank1Status)
    i.FLASH_Lock                             0x080011e8   Section        0  stm32f10x_flash.o(i.FLASH_Lock)
    i.FLASH_ProgramHalfWord                  0x080011fc   Section        0  stm32f10x_flash.o(i.FLASH_ProgramHalfWord)
    i.FLASH_ReadData                         0x0800123c   Section        0  bridgeflash.o(i.FLASH_ReadData)
    i.FLASH_Unlock                           0x08001258   Section        0  stm32f10x_flash.o(i.FLASH_Unlock)
    i.FLASH_WaitForLastOperation             0x08001270   Section        0  stm32f10x_flash.o(i.FLASH_WaitForLastOperation)
    i.FLASH_WriteData                        0x08001296   Section        0  bridgeflash.o(i.FLASH_WriteData)
    i.GPIO_Init                              0x080012e2   Section        0  stm32f10x_gpio.o(i.GPIO_Init)
    i.GPIO_ReadInputDataBit                  0x080013f8   Section        0  stm32f10x_gpio.o(i.GPIO_ReadInputDataBit)
    i.GPIO_ResetBits                         0x0800140a   Section        0  stm32f10x_gpio.o(i.GPIO_ResetBits)
    i.GPIO_SetBits                           0x0800140e   Section        0  stm32f10x_gpio.o(i.GPIO_SetBits)
    i.GetSysTime_us                          0x08001414   Section        0  delay.o(i.GetSysTime_us)
    i.Get_Adc                                0x08001458   Section        0  adc.o(i.Get_Adc)
    i.Get_Adc_Average                        0x0800148c   Section        0  adc.o(i.Get_Adc_Average)
    i.HAL_Delay                              0x080014ba   Section        0  delay.o(i.HAL_Delay)
    i.HAL_GetTick                            0x080014d4   Section        0  delay.o(i.HAL_GetTick)
    i.HardFault_Handler                      0x080014e0   Section        0  stm32f10x_it.o(i.HardFault_Handler)
    i.I2C_SendByte                           0x080014e4   Section        0  bsp_oled_iic.o(i.I2C_SendByte)
    I2C_SendByte                             0x080014e5   Thumb Code    88  bsp_oled_iic.o(i.I2C_SendByte)
    i.I2C_Start                              0x08001540   Section        0  bsp_oled_iic.o(i.I2C_Start)
    I2C_Start                                0x08001541   Thumb Code    90  bsp_oled_iic.o(i.I2C_Start)
    i.I2C_Stop                               0x080015a0   Section        0  bsp_oled_iic.o(i.I2C_Stop)
    I2C_Stop                                 0x080015a1   Thumb Code    56  bsp_oled_iic.o(i.I2C_Stop)
    i.I2C_WaitAck                            0x080015dc   Section        0  bsp_oled_iic.o(i.I2C_WaitAck)
    I2C_WaitAck                              0x080015dd   Thumb Code    86  bsp_oled_iic.o(i.I2C_WaitAck)
    i.I2C_delay                              0x08001638   Section        0  bsp_oled_iic.o(i.I2C_delay)
    I2C_delay                                0x08001639   Thumb Code    14  bsp_oled_iic.o(i.I2C_delay)
    i.KEY_Init                               0x08001648   Section        0  key.o(i.KEY_Init)
    i.Key1Press                              0x08001688   Section        0  key.o(i.Key1Press)
    i.Key2Press                              0x0800169c   Section        0  key.o(i.Key2Press)
    i.Key3Press                              0x080016b0   Section        0  key.o(i.Key3Press)
    i.Key4Press                              0x080016c4   Section        0  key.o(i.Key4Press)
    i.KeyScan                                0x080016d8   Section        0  key.o(i.KeyScan)
    i.LED_GPIO_Config                        0x08001840   Section        0  led.o(i.LED_GPIO_Config)
    i.MemManage_Handler                      0x0800186c   Section        0  stm32f10x_it.o(i.MemManage_Handler)
    i.Mode_selection                         0x08001870   Section        0  menu.o(i.Mode_selection)
    i.NMI_Handler                            0x080018e4   Section        0  stm32f10x_it.o(i.NMI_Handler)
    i.NVIC_Config                            0x080018e6   Section        0  sys.o(i.NVIC_Config)
    i.NVIC_Init                              0x0800192c   Section        0  misc.o(i.NVIC_Init)
    i.NVIC_PriorityGroupConfig               0x0800199c   Section        0  misc.o(i.NVIC_PriorityGroupConfig)
    i.NVIC_SetPriority                       0x080019b0   Section        0  delay.o(i.NVIC_SetPriority)
    NVIC_SetPriority                         0x080019b1   Thumb Code    32  delay.o(i.NVIC_SetPriority)
    i.OLED_Set_Pos                           0x080019d8   Section        0  bsp_oled_iic.o(i.OLED_Set_Pos)
    i.OLED_ShowChar                          0x08001a00   Section        0  bsp_oled_iic.o(i.OLED_ShowChar)
    i.OLED_ShowFNum                          0x08001aa4   Section        0  bsp_oled_iic.o(i.OLED_ShowFNum)
    i.OLED_WR_Byte                           0x08001af4   Section        0  bsp_oled_iic.o(i.OLED_WR_Byte)
    i.PendSV_Handler                         0x08001b20   Section        0  stm32f10x_it.o(i.PendSV_Handler)
    i.RCC_ADCCLKConfig                       0x08001b24   Section        0  stm32f10x_rcc.o(i.RCC_ADCCLKConfig)
    i.RCC_APB1PeriphClockCmd                 0x08001b3c   Section        0  stm32f10x_rcc.o(i.RCC_APB1PeriphClockCmd)
    i.RCC_APB1PeriphResetCmd                 0x08001b5c   Section        0  stm32f10x_rcc.o(i.RCC_APB1PeriphResetCmd)
    i.RCC_APB2PeriphClockCmd                 0x08001b7c   Section        0  stm32f10x_rcc.o(i.RCC_APB2PeriphClockCmd)
    i.RCC_APB2PeriphResetCmd                 0x08001b9c   Section        0  stm32f10x_rcc.o(i.RCC_APB2PeriphResetCmd)
    i.RELAY_GPIO_Config                      0x08001bbc   Section        0  relay.o(i.RELAY_GPIO_Config)
    i.SVC_Handler                            0x08001bf4   Section        0  stm32f10x_it.o(i.SVC_Handler)
    i.SetSysClock                            0x08001bf6   Section        0  system_stm32f10x.o(i.SetSysClock)
    SetSysClock                              0x08001bf7   Thumb Code     8  system_stm32f10x.o(i.SetSysClock)
    i.SetSysClockTo72                        0x08001c00   Section        0  system_stm32f10x.o(i.SetSysClockTo72)
    SetSysClockTo72                          0x08001c01   Thumb Code   214  system_stm32f10x.o(i.SetSysClockTo72)
    i.Single_Write                           0x08001ce0   Section        0  bsp_oled_iic.o(i.Single_Write)
    i.SysTick_Handler                        0x08001d28   Section        0  stm32f10x_it.o(i.SysTick_Handler)
    i.SystemInit                             0x08001d38   Section        0  system_stm32f10x.o(i.SystemInit)
    i.TIM1_Int_Init                          0x08001d98   Section        0  time1.o(i.TIM1_Int_Init)
    i.TIM1_UP_IRQHandler                     0x08001dec   Section        0  time1.o(i.TIM1_UP_IRQHandler)
    i.TIM2_IRQHandler                        0x08001e5c   Section        0  time2.o(i.TIM2_IRQHandler)
    i.TIM2_Init                              0x08001e76   Section        0  time2.o(i.TIM2_Init)
    i.TIM_ClearFlag                          0x08001ec6   Section        0  stm32f10x_tim.o(i.TIM_ClearFlag)
    i.TIM_ClearITPendingBit                  0x08001ecc   Section        0  stm32f10x_tim.o(i.TIM_ClearITPendingBit)
    i.TIM_Cmd                                0x08001ed2   Section        0  stm32f10x_tim.o(i.TIM_Cmd)
    i.TIM_DeInit                             0x08001eec   Section        0  stm32f10x_tim.o(i.TIM_DeInit)
    i.TIM_GetITStatus                        0x080020d4   Section        0  stm32f10x_tim.o(i.TIM_GetITStatus)
    i.TIM_ITConfig                           0x080020f6   Section        0  stm32f10x_tim.o(i.TIM_ITConfig)
    i.TIM_TimeBaseInit                       0x08002108   Section        0  stm32f10x_tim.o(i.TIM_TimeBaseInit)
    i.TIM_TimeBaseStructInit                 0x080021ac   Section        0  stm32f10x_tim.o(i.TIM_TimeBaseStructInit)
    i.Threshold_Init                         0x080021c0   Section        0  bridgeflash.o(i.Threshold_Init)
    i.Threshold_Settings                     0x0800220c   Section        0  menu.o(i.Threshold_Settings)
    i.UsageFault_Handler                     0x08002410   Section        0  stm32f10x_it.o(i.UsageFault_Handler)
    i.__0sprintf                             0x08002414   Section        0  printfa.o(i.__0sprintf)
    i.__aeabi_errno_addr                     0x0800243c   Section        0  errno.o(i.__aeabi_errno_addr)
    i.__scatterload_copy                     0x08002444   Section       14  handlers.o(i.__scatterload_copy)
    i.__scatterload_null                     0x08002452   Section        2  handlers.o(i.__scatterload_null)
    i.__scatterload_zeroinit                 0x08002454   Section       14  handlers.o(i.__scatterload_zeroinit)
    i._fp_digits                             0x08002464   Section        0  printfa.o(i._fp_digits)
    _fp_digits                               0x08002465   Thumb Code   366  printfa.o(i._fp_digits)
    i._printf_core                           0x080025e8   Section        0  printfa.o(i._printf_core)
    _printf_core                             0x080025e9   Thumb Code  1744  printfa.o(i._printf_core)
    i._printf_post_padding                   0x08002cc4   Section        0  printfa.o(i._printf_post_padding)
    _printf_post_padding                     0x08002cc5   Thumb Code    36  printfa.o(i._printf_post_padding)
    i._printf_pre_padding                    0x08002ce8   Section        0  printfa.o(i._printf_pre_padding)
    _printf_pre_padding                      0x08002ce9   Thumb Code    46  printfa.o(i._printf_pre_padding)
    i._sputc                                 0x08002d16   Section        0  printfa.o(i._sputc)
    _sputc                                   0x08002d17   Thumb Code    10  printfa.o(i._sputc)
    i.delay5ms                               0x08002d20   Section        0  bsp_oled_iic.o(i.delay5ms)
    delay5ms                                 0x08002d21   Thumb Code    12  bsp_oled_iic.o(i.delay5ms)
    i.delay_init                             0x08002d2c   Section        0  delay.o(i.delay_init)
    i.delay_ms                               0x08002de8   Section        0  delay.o(i.delay_ms)
    i.delay_us                               0x08002df4   Section        0  delay.o(i.delay_us)
    i.main                                   0x08002e10   Section        0  main.o(i.main)
    i.oled_Clear                             0x08002e8c   Section        0  bsp_oled_iic.o(i.oled_Clear)
    i.oled_Init                              0x08002ecc   Section        0  bsp_oled_iic.o(i.oled_Init)
    i.oled_ShowCHinese                       0x08003010   Section        0  bsp_oled_iic.o(i.oled_ShowCHinese)
    i.oled_ShowNum                           0x08003078   Section        0  bsp_oled_iic.o(i.oled_ShowNum)
    i.oled_ShowString                        0x08003100   Section        0  bsp_oled_iic.o(i.oled_ShowString)
    i.oled_pow                               0x0800313a   Section        0  bsp_oled_iic.o(i.oled_pow)
    i.read_config                            0x08003150   Section        0  bridgeflash.o(i.read_config)
    i.read_ds18b20                           0x08003168   Section        0  ds18b20.o(i.read_ds18b20)
    i.save_Threshold                         0x08003204   Section        0  bridgeflash.o(i.save_Threshold)
    i.write_config                           0x0800323c   Section        0  bridgeflash.o(i.write_config)
    .constdata                               0x08003254   Section     5952  bsp_oled_iic.o(.constdata)
    F6x8                                     0x08003254   Data         552  bsp_oled_iic.o(.constdata)
    F8X16                                    0x0800347c   Data        1520  bsp_oled_iic.o(.constdata)
    Hzk                                      0x08003a6c   Data        3840  bsp_oled_iic.o(.constdata)
    .constdata                               0x08004994   Section      129  ctype_o.o(.constdata)
    .constdata                               0x08004a18   Section        4  ctype_o.o(.constdata)
    table                                    0x08004a18   Data           4  ctype_o.o(.constdata)
    .data                                    0x20000000   Section       16  main.o(.data)
    .data                                    0x20000010   Section        3  menu.o(.data)
    .data                                    0x20000014   Section        4  time1.o(.data)
    .data                                    0x20000018   Section        4  delay.o(.data)
    .data                                    0x2000001c   Section        1  bsp_oled_iic.o(.data)
    .data                                    0x20000020   Section       12  key.o(.data)
    keyCount                                 0x20000024   Data           4  key.o(.data)
    keyState                                 0x20000028   Data           4  key.o(.data)
    .data                                    0x2000002c   Section        1  ds18b20.o(.data)
    step                                     0x2000002c   Data           1  ds18b20.o(.data)
    .data                                    0x20000030   Section       56  drip.o(.data)
    .data                                    0x20000068   Section       20  system_stm32f10x.o(.data)
    .data                                    0x2000007c   Section        4  errno.o(.data)
    _errno                                   0x2000007c   Data           4  errno.o(.data)
    .bss                                     0x20000080   Section      512  bridgeflash.o(.bss)
    STACK                                    0x20000280   Section     1024  startup_stm32f10x_md.o(STACK)

    Global Symbols

    Symbol Name                              Value     Ov Type        Size  Object(Section)

    BuildAttributes$$THM_ISAv4$P$D$K$B$S$PE$A:L22UL41UL21$X:L11$S22US41US21$IEEE1$IW$USESV6$~STKCKD$USESV7$~SHL$OTIME$ROPI$EBA8$MICROLIB$REQ8$PRES8$EABIv2 0x00000000   Number         0  anon$$obj.o ABSOLUTE
    __ARM_use_no_argv                        0x00000000   Number         0  main.o ABSOLUTE
    _printf_a                                0x00000000   Number         0  stubs.o ABSOLUTE
    _printf_c                                0x00000000   Number         0  stubs.o ABSOLUTE
    _printf_charcount                        0x00000000   Number         0  stubs.o ABSOLUTE
    _printf_d                                0x00000000   Number         0  stubs.o ABSOLUTE
    _printf_e                                0x00000000   Number         0  stubs.o ABSOLUTE
    _printf_f                                0x00000000   Number         0  stubs.o ABSOLUTE
    _printf_flags                            0x00000000   Number         0  stubs.o ABSOLUTE
    _printf_fp_dec                           0x00000000   Number         0  stubs.o ABSOLUTE
    _printf_fp_hex                           0x00000000   Number         0  stubs.o ABSOLUTE
    _printf_g                                0x00000000   Number         0  stubs.o ABSOLUTE
    _printf_i                                0x00000000   Number         0  stubs.o ABSOLUTE
    _printf_int_dec                          0x00000000   Number         0  stubs.o ABSOLUTE
    _printf_l                                0x00000000   Number         0  stubs.o ABSOLUTE
    _printf_lc                               0x00000000   Number         0  stubs.o ABSOLUTE
    _printf_ll                               0x00000000   Number         0  stubs.o ABSOLUTE
    _printf_lld                              0x00000000   Number         0  stubs.o ABSOLUTE
    _printf_lli                              0x00000000   Number         0  stubs.o ABSOLUTE
    _printf_llo                              0x00000000   Number         0  stubs.o ABSOLUTE
    _printf_llu                              0x00000000   Number         0  stubs.o ABSOLUTE
    _printf_llx                              0x00000000   Number         0  stubs.o ABSOLUTE
    _printf_longlong_dec                     0x00000000   Number         0  stubs.o ABSOLUTE
    _printf_longlong_hex                     0x00000000   Number         0  stubs.o ABSOLUTE
    _printf_longlong_oct                     0x00000000   Number         0  stubs.o ABSOLUTE
    _printf_ls                               0x00000000   Number         0  stubs.o ABSOLUTE
    _printf_mbtowc                           0x00000000   Number         0  stubs.o ABSOLUTE
    _printf_n                                0x00000000   Number         0  stubs.o ABSOLUTE
    _printf_o                                0x00000000   Number         0  stubs.o ABSOLUTE
    _printf_p                                0x00000000   Number         0  stubs.o ABSOLUTE
    _printf_percent                          0x00000000   Number         0  stubs.o ABSOLUTE
    _printf_pre_padding                      0x00000000   Number         0  stubs.o ABSOLUTE
    _printf_return_value                     0x00000000   Number         0  stubs.o ABSOLUTE
    _printf_s                                0x00000000   Number         0  stubs.o ABSOLUTE
    _printf_sizespec                         0x00000000   Number         0  stubs.o ABSOLUTE
    _printf_str                              0x00000000   Number         0  stubs.o ABSOLUTE
    _printf_truncate_signed                  0x00000000   Number         0  stubs.o ABSOLUTE
    _printf_truncate_unsigned                0x00000000   Number         0  stubs.o ABSOLUTE
    _printf_u                                0x00000000   Number         0  stubs.o ABSOLUTE
    _printf_wc                               0x00000000   Number         0  stubs.o ABSOLUTE
    _printf_wctomb                           0x00000000   Number         0  stubs.o ABSOLUTE
    _printf_widthprec                        0x00000000   Number         0  stubs.o ABSOLUTE
    _printf_x                                0x00000000   Number         0  stubs.o ABSOLUTE
    __cpp_initialize__aeabi_                  - Undefined Weak Reference
    __cxa_finalize                            - Undefined Weak Reference
    __decompress                              - Undefined Weak Reference
    _clock_init                               - Undefined Weak Reference
    _microlib_exit                            - Undefined Weak Reference
    __Vectors_Size                           0x000000ec   Number         0  startup_stm32f10x_md.o ABSOLUTE
    __Vectors                                0x08000000   Data           4  startup_stm32f10x_md.o(RESET)
    __Vectors_End                            0x080000ec   Data           0  startup_stm32f10x_md.o(RESET)
    __main                                   0x080000ed   Thumb Code     0  entry.o(.ARM.Collect$$$$00000000)
    _main_stk                                0x080000ed   Thumb Code     0  entry2.o(.ARM.Collect$$$$00000001)
    _main_scatterload                        0x080000f1   Thumb Code     0  entry5.o(.ARM.Collect$$$$00000004)
    __main_after_scatterload                 0x080000f5   Thumb Code     0  entry5.o(.ARM.Collect$$$$00000004)
    _main_clock                              0x080000f5   Thumb Code     0  entry7b.o(.ARM.Collect$$$$00000008)
    _main_cpp_init                           0x080000f5   Thumb Code     0  entry8b.o(.ARM.Collect$$$$0000000A)
    _main_init                               0x080000f5   Thumb Code     0  entry9a.o(.ARM.Collect$$$$0000000B)
    __rt_final_cpp                           0x080000fd   Thumb Code     0  entry10a.o(.ARM.Collect$$$$0000000D)
    __rt_final_exit                          0x080000fd   Thumb Code     0  entry11a.o(.ARM.Collect$$$$0000000F)
    Reset_Handler                            0x08000101   Thumb Code     8  startup_stm32f10x_md.o(.text)
    ADC1_2_IRQHandler                        0x0800011b   Thumb Code     0  startup_stm32f10x_md.o(.text)
    CAN1_RX1_IRQHandler                      0x0800011b   Thumb Code     0  startup_stm32f10x_md.o(.text)
    CAN1_SCE_IRQHandler                      0x0800011b   Thumb Code     0  startup_stm32f10x_md.o(.text)
    DMA1_Channel1_IRQHandler                 0x0800011b   Thumb Code     0  startup_stm32f10x_md.o(.text)
    DMA1_Channel2_IRQHandler                 0x0800011b   Thumb Code     0  startup_stm32f10x_md.o(.text)
    DMA1_Channel3_IRQHandler                 0x0800011b   Thumb Code     0  startup_stm32f10x_md.o(.text)
    DMA1_Channel4_IRQHandler                 0x0800011b   Thumb Code     0  startup_stm32f10x_md.o(.text)
    DMA1_Channel5_IRQHandler                 0x0800011b   Thumb Code     0  startup_stm32f10x_md.o(.text)
    DMA1_Channel6_IRQHandler                 0x0800011b   Thumb Code     0  startup_stm32f10x_md.o(.text)
    DMA1_Channel7_IRQHandler                 0x0800011b   Thumb Code     0  startup_stm32f10x_md.o(.text)
    EXTI0_IRQHandler                         0x0800011b   Thumb Code     0  startup_stm32f10x_md.o(.text)
    EXTI15_10_IRQHandler                     0x0800011b   Thumb Code     0  startup_stm32f10x_md.o(.text)
    EXTI1_IRQHandler                         0x0800011b   Thumb Code     0  startup_stm32f10x_md.o(.text)
    EXTI2_IRQHandler                         0x0800011b   Thumb Code     0  startup_stm32f10x_md.o(.text)
    EXTI3_IRQHandler                         0x0800011b   Thumb Code     0  startup_stm32f10x_md.o(.text)
    EXTI4_IRQHandler                         0x0800011b   Thumb Code     0  startup_stm32f10x_md.o(.text)
    EXTI9_5_IRQHandler                       0x0800011b   Thumb Code     0  startup_stm32f10x_md.o(.text)
    FLASH_IRQHandler                         0x0800011b   Thumb Code     0  startup_stm32f10x_md.o(.text)
    I2C1_ER_IRQHandler                       0x0800011b   Thumb Code     0  startup_stm32f10x_md.o(.text)
    I2C1_EV_IRQHandler                       0x0800011b   Thumb Code     0  startup_stm32f10x_md.o(.text)
    I2C2_ER_IRQHandler                       0x0800011b   Thumb Code     0  startup_stm32f10x_md.o(.text)
    I2C2_EV_IRQHandler                       0x0800011b   Thumb Code     0  startup_stm32f10x_md.o(.text)
    PVD_IRQHandler                           0x0800011b   Thumb Code     0  startup_stm32f10x_md.o(.text)
    RCC_IRQHandler                           0x0800011b   Thumb Code     0  startup_stm32f10x_md.o(.text)
    RTCAlarm_IRQHandler                      0x0800011b   Thumb Code     0  startup_stm32f10x_md.o(.text)
    RTC_IRQHandler                           0x0800011b   Thumb Code     0  startup_stm32f10x_md.o(.text)
    SPI1_IRQHandler                          0x0800011b   Thumb Code     0  startup_stm32f10x_md.o(.text)
    SPI2_IRQHandler                          0x0800011b   Thumb Code     0  startup_stm32f10x_md.o(.text)
    TAMPER_IRQHandler                        0x0800011b   Thumb Code     0  startup_stm32f10x_md.o(.text)
    TIM1_BRK_IRQHandler                      0x0800011b   Thumb Code     0  startup_stm32f10x_md.o(.text)
    TIM1_CC_IRQHandler                       0x0800011b   Thumb Code     0  startup_stm32f10x_md.o(.text)
    TIM1_TRG_COM_IRQHandler                  0x0800011b   Thumb Code     0  startup_stm32f10x_md.o(.text)
    TIM3_IRQHandler                          0x0800011b   Thumb Code     0  startup_stm32f10x_md.o(.text)
    TIM4_IRQHandler                          0x0800011b   Thumb Code     0  startup_stm32f10x_md.o(.text)
    USART1_IRQHandler                        0x0800011b   Thumb Code     0  startup_stm32f10x_md.o(.text)
    USART2_IRQHandler                        0x0800011b   Thumb Code     0  startup_stm32f10x_md.o(.text)
    USART3_IRQHandler                        0x0800011b   Thumb Code     0  startup_stm32f10x_md.o(.text)
    USBWakeUp_IRQHandler                     0x0800011b   Thumb Code     0  startup_stm32f10x_md.o(.text)
    USB_HP_CAN1_TX_IRQHandler                0x0800011b   Thumb Code     0  startup_stm32f10x_md.o(.text)
    USB_LP_CAN1_RX0_IRQHandler               0x0800011b   Thumb Code     0  startup_stm32f10x_md.o(.text)
    WWDG_IRQHandler                          0x0800011b   Thumb Code     0  startup_stm32f10x_md.o(.text)
    __aeabi_memcpy                           0x08000125   Thumb Code    36  memcpya.o(.text)
    __aeabi_memcpy4                          0x08000125   Thumb Code     0  memcpya.o(.text)
    __aeabi_memcpy8                          0x08000125   Thumb Code     0  memcpya.o(.text)
    atoi                                     0x08000149   Thumb Code    26  atoi.o(.text)
    __aeabi_dadd                             0x08000163   Thumb Code   322  dadd.o(.text)
    __aeabi_dsub                             0x080002a5   Thumb Code     6  dadd.o(.text)
    __aeabi_drsub                            0x080002ab   Thumb Code     6  dadd.o(.text)
    __aeabi_dmul                             0x080002b1   Thumb Code   228  dmul.o(.text)
    __aeabi_ui2f                             0x08000395   Thumb Code    10  ffltui.o(.text)
    __aeabi_i2d                              0x0800039f   Thumb Code    34  dflti.o(.text)
    __aeabi_f2d                              0x080003c1   Thumb Code    38  f2d.o(.text)
    __aeabi_d2f                              0x080003e7   Thumb Code    56  d2f.o(.text)
    __aeabi_cfcmpeq                          0x08000421   Thumb Code     0  cfcmple.o(.text)
    __aeabi_cfcmple                          0x08000421   Thumb Code    20  cfcmple.o(.text)
    __aeabi_cfrcmple                         0x08000435   Thumb Code    20  cfrcmple.o(.text)
    __aeabi_uidiv                            0x08000449   Thumb Code     0  uidiv.o(.text)
    __aeabi_uidivmod                         0x08000449   Thumb Code    44  uidiv.o(.text)
    __aeabi_uldivmod                         0x08000475   Thumb Code    98  uldiv.o(.text)
    __aeabi_llsl                             0x080004d7   Thumb Code    30  llshl.o(.text)
    _ll_shift_l                              0x080004d7   Thumb Code     0  llshl.o(.text)
    __aeabi_lasr                             0x080004f5   Thumb Code    36  llsshr.o(.text)
    _ll_sshift_r                             0x080004f5   Thumb Code     0  llsshr.o(.text)
    strtol                                   0x08000519   Thumb Code   112  strtol.o(.text)
    __I$use$fp                               0x08000589   Thumb Code     0  iusefp.o(.text)
    _float_round                             0x08000589   Thumb Code    18  fepilogue.o(.text)
    _float_epilogue                          0x0800059b   Thumb Code    92  fepilogue.o(.text)
    _double_round                            0x080005f7   Thumb Code    30  depilogue.o(.text)
    _double_epilogue                         0x08000615   Thumb Code   156  depilogue.o(.text)
    __aeabi_ddiv                             0x080006b1   Thumb Code   222  ddiv.o(.text)
    __aeabi_d2ulz                            0x0800078f   Thumb Code    48  dfixul.o(.text)
    __aeabi_cdrcmple                         0x080007c1   Thumb Code    48  cdrcmple.o(.text)
    __scatterload                            0x080007f1   Thumb Code    28  init.o(.text)
    __scatterload_rt2                        0x080007f1   Thumb Code     0  init.o(.text)
    __aeabi_llsr                             0x08000815   Thumb Code    32  llushr.o(.text)
    _ll_ushift_r                             0x08000815   Thumb Code     0  llushr.o(.text)
    __rt_ctype_table                         0x08000835   Thumb Code     4  ctype_o.o(.text)
    _strtoul                                 0x0800083d   Thumb Code   158  _strtoul.o(.text)
    _chval                                   0x080008db   Thumb Code    28  _chval.o(.text)
    ADC_Cmd                                  0x080008f7   Thumb Code    22  stm32f10x_adc.o(i.ADC_Cmd)
    ADC_DeInit                               0x0800090d   Thumb Code    78  stm32f10x_adc.o(i.ADC_DeInit)
    ADC_GetCalibrationStatus                 0x08000969   Thumb Code    20  stm32f10x_adc.o(i.ADC_GetCalibrationStatus)
    ADC_GetConversionValue                   0x0800097d   Thumb Code     8  stm32f10x_adc.o(i.ADC_GetConversionValue)
    ADC_GetFlagStatus                        0x08000985   Thumb Code    18  stm32f10x_adc.o(i.ADC_GetFlagStatus)
    ADC_GetResetCalibrationStatus            0x08000997   Thumb Code    20  stm32f10x_adc.o(i.ADC_GetResetCalibrationStatus)
    ADC_Init                                 0x080009ad   Thumb Code    70  stm32f10x_adc.o(i.ADC_Init)
    ADC_RegularChannelConfig                 0x080009fd   Thumb Code   184  stm32f10x_adc.o(i.ADC_RegularChannelConfig)
    ADC_ResetCalibration                     0x08000ab5   Thumb Code    10  stm32f10x_adc.o(i.ADC_ResetCalibration)
    ADC_SoftwareStartConvCmd                 0x08000abf   Thumb Code    22  stm32f10x_adc.o(i.ADC_SoftwareStartConvCmd)
    ADC_StartCalibration                     0x08000ad5   Thumb Code    10  stm32f10x_adc.o(i.ADC_StartCalibration)
    Action                                   0x08000ae1   Thumb Code    86  menu.o(i.Action)
    Adc_Init                                 0x08000b49   Thumb Code   132  adc.o(i.Adc_Init)
    Asterisk                                 0x08000bd5   Thumb Code   140  menu.o(i.Asterisk)
    Automatic                                0x08000c69   Thumb Code   142  menu.o(i.Automatic)
    BdgFlashInit                             0x08000d05   Thumb Code    26  bridgeflash.o(i.BdgFlashInit)
    Beep_Init                                0x08000d21   Thumb Code    50  bsp_beep.o(i.Beep_Init)
    BusFault_Handler                         0x08000d59   Thumb Code     4  stm32f10x_it.o(i.BusFault_Handler)
    DS18B20_Init                             0x08000d5d   Thumb Code    66  ds18b20.o(i.DS18B20_Init)
    DS18B20_ReadBit                          0x08000da5   Thumb Code    48  ds18b20.o(i.DS18B20_ReadBit)
    DS18B20_ReadByte                         0x08000dd9   Thumb Code    30  ds18b20.o(i.DS18B20_ReadByte)
    DS18B20_Reset                            0x08000df9   Thumb Code    56  ds18b20.o(i.DS18B20_Reset)
    DS18B20_WriteBit                         0x08000e35   Thumb Code    48  ds18b20.o(i.DS18B20_WriteBit)
    DS18B20_WriteByte                        0x08000e69   Thumb Code    28  ds18b20.o(i.DS18B20_WriteByte)
    DebugMon_Handler                         0x08000e85   Thumb Code     2  stm32f10x_it.o(i.DebugMon_Handler)
    Delay_1ms                                0x08000e87   Thumb Code    26  bsp_oled_iic.o(i.Delay_1ms)
    Display                                  0x08000ea1   Thumb Code   244  menu.o(i.Display)
    DripRate_Check                           0x08000fa9   Thumb Code   316  drip.o(i.DripRate_Check)
    Drip_Init                                0x08001105   Thumb Code    38  drip.o(i.Drip_Init)
    FLASH_ClearFlag                          0x08001131   Thumb Code     6  stm32f10x_flash.o(i.FLASH_ClearFlag)
    FLASH_ErasePage                          0x0800113d   Thumb Code    72  stm32f10x_flash.o(i.FLASH_ErasePage)
    FLASH_ErasePage_user                     0x08001189   Thumb Code    42  bridgeflash.o(i.FLASH_ErasePage_user)
    FLASH_GetBank1Status                     0x080011b5   Thumb Code    48  stm32f10x_flash.o(i.FLASH_GetBank1Status)
    FLASH_Lock                               0x080011e9   Thumb Code    14  stm32f10x_flash.o(i.FLASH_Lock)
    FLASH_ProgramHalfWord                    0x080011fd   Thumb Code    60  stm32f10x_flash.o(i.FLASH_ProgramHalfWord)
    FLASH_ReadData                           0x0800123d   Thumb Code    26  bridgeflash.o(i.FLASH_ReadData)
    FLASH_Unlock                             0x08001259   Thumb Code    12  stm32f10x_flash.o(i.FLASH_Unlock)
    FLASH_WaitForLastOperation               0x08001271   Thumb Code    38  stm32f10x_flash.o(i.FLASH_WaitForLastOperation)
    FLASH_WriteData                          0x08001297   Thumb Code    76  bridgeflash.o(i.FLASH_WriteData)
    GPIO_Init                                0x080012e3   Thumb Code   278  stm32f10x_gpio.o(i.GPIO_Init)
    GPIO_ReadInputDataBit                    0x080013f9   Thumb Code    18  stm32f10x_gpio.o(i.GPIO_ReadInputDataBit)
    GPIO_ResetBits                           0x0800140b   Thumb Code     4  stm32f10x_gpio.o(i.GPIO_ResetBits)
    GPIO_SetBits                             0x0800140f   Thumb Code     4  stm32f10x_gpio.o(i.GPIO_SetBits)
    GetSysTime_us                            0x08001415   Thumb Code    56  delay.o(i.GetSysTime_us)
    Get_Adc                                  0x08001459   Thumb Code    46  adc.o(i.Get_Adc)
    Get_Adc_Average                          0x0800148d   Thumb Code    46  adc.o(i.Get_Adc_Average)
    HAL_Delay                                0x080014bb   Thumb Code    26  delay.o(i.HAL_Delay)
    HAL_GetTick                              0x080014d5   Thumb Code     6  delay.o(i.HAL_GetTick)
    HardFault_Handler                        0x080014e1   Thumb Code     4  stm32f10x_it.o(i.HardFault_Handler)
    KEY_Init                                 0x08001649   Thumb Code    58  key.o(i.KEY_Init)
    Key1Press                                0x08001689   Thumb Code    14  key.o(i.Key1Press)
    Key2Press                                0x0800169d   Thumb Code    14  key.o(i.Key2Press)
    Key3Press                                0x080016b1   Thumb Code    14  key.o(i.Key3Press)
    Key4Press                                0x080016c5   Thumb Code    14  key.o(i.Key4Press)
    KeyScan                                  0x080016d9   Thumb Code   348  key.o(i.KeyScan)
    LED_GPIO_Config                          0x08001841   Thumb Code    40  led.o(i.LED_GPIO_Config)
    MemManage_Handler                        0x0800186d   Thumb Code     4  stm32f10x_it.o(i.MemManage_Handler)
    Mode_selection                           0x08001871   Thumb Code    94  menu.o(i.Mode_selection)
    NMI_Handler                              0x080018e5   Thumb Code     2  stm32f10x_it.o(i.NMI_Handler)
    NVIC_Config                              0x080018e7   Thumb Code    68  sys.o(i.NVIC_Config)
    NVIC_Init                                0x0800192d   Thumb Code   100  misc.o(i.NVIC_Init)
    NVIC_PriorityGroupConfig                 0x0800199d   Thumb Code    10  misc.o(i.NVIC_PriorityGroupConfig)
    OLED_Set_Pos                             0x080019d9   Thumb Code    40  bsp_oled_iic.o(i.OLED_Set_Pos)
    OLED_ShowChar                            0x08001a01   Thumb Code   154  bsp_oled_iic.o(i.OLED_ShowChar)
    OLED_ShowFNum                            0x08001aa5   Thumb Code    68  bsp_oled_iic.o(i.OLED_ShowFNum)
    OLED_WR_Byte                             0x08001af5   Thumb Code    40  bsp_oled_iic.o(i.OLED_WR_Byte)
    PendSV_Handler                           0x08001b21   Thumb Code     2  stm32f10x_it.o(i.PendSV_Handler)
    RCC_ADCCLKConfig                         0x08001b25   Thumb Code    18  stm32f10x_rcc.o(i.RCC_ADCCLKConfig)
    RCC_APB1PeriphClockCmd                   0x08001b3d   Thumb Code    26  stm32f10x_rcc.o(i.RCC_APB1PeriphClockCmd)
    RCC_APB1PeriphResetCmd                   0x08001b5d   Thumb Code    26  stm32f10x_rcc.o(i.RCC_APB1PeriphResetCmd)
    RCC_APB2PeriphClockCmd                   0x08001b7d   Thumb Code    26  stm32f10x_rcc.o(i.RCC_APB2PeriphClockCmd)
    RCC_APB2PeriphResetCmd                   0x08001b9d   Thumb Code    26  stm32f10x_rcc.o(i.RCC_APB2PeriphResetCmd)
    RELAY_GPIO_Config                        0x08001bbd   Thumb Code    50  relay.o(i.RELAY_GPIO_Config)
    SVC_Handler                              0x08001bf5   Thumb Code     2  stm32f10x_it.o(i.SVC_Handler)
    Single_Write                             0x08001ce1   Thumb Code    70  bsp_oled_iic.o(i.Single_Write)
    SysTick_Handler                          0x08001d29   Thumb Code    12  stm32f10x_it.o(i.SysTick_Handler)
    SystemInit                               0x08001d39   Thumb Code    78  system_stm32f10x.o(i.SystemInit)
    TIM1_Int_Init                            0x08001d99   Thumb Code    80  time1.o(i.TIM1_Int_Init)
    TIM1_UP_IRQHandler                       0x08001ded   Thumb Code    88  time1.o(i.TIM1_UP_IRQHandler)
    TIM2_IRQHandler                          0x08001e5d   Thumb Code    26  time2.o(i.TIM2_IRQHandler)
    TIM2_Init                                0x08001e77   Thumb Code    80  time2.o(i.TIM2_Init)
    TIM_ClearFlag                            0x08001ec7   Thumb Code     6  stm32f10x_tim.o(i.TIM_ClearFlag)
    TIM_ClearITPendingBit                    0x08001ecd   Thumb Code     6  stm32f10x_tim.o(i.TIM_ClearITPendingBit)
    TIM_Cmd                                  0x08001ed3   Thumb Code    24  stm32f10x_tim.o(i.TIM_Cmd)
    TIM_DeInit                               0x08001eed   Thumb Code   424  stm32f10x_tim.o(i.TIM_DeInit)
    TIM_GetITStatus                          0x080020d5   Thumb Code    34  stm32f10x_tim.o(i.TIM_GetITStatus)
    TIM_ITConfig                             0x080020f7   Thumb Code    18  stm32f10x_tim.o(i.TIM_ITConfig)
    TIM_TimeBaseInit                         0x08002109   Thumb Code   122  stm32f10x_tim.o(i.TIM_TimeBaseInit)
    TIM_TimeBaseStructInit                   0x080021ad   Thumb Code    18  stm32f10x_tim.o(i.TIM_TimeBaseStructInit)
    Threshold_Init                           0x080021c1   Thumb Code    68  bridgeflash.o(i.Threshold_Init)
    Threshold_Settings                       0x0800220d   Thumb Code   492  menu.o(i.Threshold_Settings)
    UsageFault_Handler                       0x08002411   Thumb Code     4  stm32f10x_it.o(i.UsageFault_Handler)
    __0sprintf                               0x08002415   Thumb Code    34  printfa.o(i.__0sprintf)
    __1sprintf                               0x08002415   Thumb Code     0  printfa.o(i.__0sprintf)
    __2sprintf                               0x08002415   Thumb Code     0  printfa.o(i.__0sprintf)
    __c89sprintf                             0x08002415   Thumb Code     0  printfa.o(i.__0sprintf)
    sprintf                                  0x08002415   Thumb Code     0  printfa.o(i.__0sprintf)
    __aeabi_errno_addr                       0x0800243d   Thumb Code     4  errno.o(i.__aeabi_errno_addr)
    __rt_errno_addr                          0x0800243d   Thumb Code     0  errno.o(i.__aeabi_errno_addr)
    __scatterload_copy                       0x08002445   Thumb Code    14  handlers.o(i.__scatterload_copy)
    __scatterload_null                       0x08002453   Thumb Code     2  handlers.o(i.__scatterload_null)
    __scatterload_zeroinit                   0x08002455   Thumb Code    14  handlers.o(i.__scatterload_zeroinit)
    delay_init                               0x08002d2d   Thumb Code   180  delay.o(i.delay_init)
    delay_ms                                 0x08002de9   Thumb Code    12  delay.o(i.delay_ms)
    delay_us                                 0x08002df5   Thumb Code    26  delay.o(i.delay_us)
    main                                     0x08002e11   Thumb Code   118  main.o(i.main)
    oled_Clear                               0x08002e8d   Thumb Code    62  bsp_oled_iic.o(i.oled_Clear)
    oled_Init                                0x08002ecd   Thumb Code   320  bsp_oled_iic.o(i.oled_Init)
    oled_ShowCHinese                         0x08003011   Thumb Code    98  bsp_oled_iic.o(i.oled_ShowCHinese)
    oled_ShowNum                             0x08003079   Thumb Code   136  bsp_oled_iic.o(i.oled_ShowNum)
    oled_ShowString                          0x08003101   Thumb Code    58  bsp_oled_iic.o(i.oled_ShowString)
    oled_pow                                 0x0800313b   Thumb Code    22  bsp_oled_iic.o(i.oled_pow)
    read_config                              0x08003151   Thumb Code    16  bridgeflash.o(i.read_config)
    read_ds18b20                             0x08003169   Thumb Code   148  ds18b20.o(i.read_ds18b20)
    save_Threshold                           0x08003205   Thumb Code    48  bridgeflash.o(i.save_Threshold)
    write_config                             0x0800323d   Thumb Code    16  bridgeflash.o(i.write_config)
    __ctype_table                            0x08004994   Data         129  ctype_o.o(.constdata)
    Region$$Table$$Base                      0x08004a1c   Number         0  anon$$obj.o(Region$$Table)
    Region$$Table$$Limit                     0x08004a3c   Number         0  anon$$obj.o(Region$$Table)
    SensorData                               0x20000000   Data           8  main.o(.data)
    Threshold                                0x20000008   Data           3  main.o(.data)
    System                                   0x2000000b   Data           5  main.o(.data)
    mode_selection                           0x20000010   Data           1  menu.o(.data)
    displayFlag                              0x20000011   Data           1  menu.o(.data)
    thresholdFlag                            0x20000012   Data           1  menu.o(.data)
    jishu                                    0x20000014   Data           4  time1.o(.data)
    sysTickUptime                            0x20000018   Data           4  delay.o(.data)
    OLED_IIC_stu                             0x2000001c   Data           1  bsp_oled_iic.o(.data)
    isKey1                                   0x20000020   Data           1  key.o(.data)
    isKey2                                   0x20000021   Data           1  key.o(.data)
    isKey3                                   0x20000022   Data           1  key.o(.data)
    isKey4                                   0x20000023   Data           1  key.o(.data)
    two                                      0x20000030   Data          17  drip.o(.data)
    show1                                    0x20000041   Data          10  drip.o(.data)
    show2                                    0x2000004b   Data           9  drip.o(.data)
    pul1                                     0x20000054   Data           2  drip.o(.data)
    count_time                               0x20000058   Data           4  drip.o(.data)
    perone                                   0x2000005c   Data           4  drip.o(.data)
    testresult                               0x20000060   Data           4  drip.o(.data)
    DripRateVal                              0x20000064   Data           4  drip.o(.data)
    SystemCoreClock                          0x20000068   Data           4  system_stm32f10x.o(.data)
    AHBPrescTable                            0x2000006c   Data          16  system_stm32f10x.o(.data)
    strConfig_info                           0x20000080   Data         512  bridgeflash.o(.bss)
    __initial_sp                             0x20000680   Data           0  startup_stm32f10x_md.o(STACK)



==============================================================================

Memory Map of the image

  Image Entry point : 0x080000ed

  Load Region LR_IROM1 (Base: 0x08000000, Size: 0x00004abc, Max: 0x00010000, ABSOLUTE)

    Execution Region ER_IROM1 (Exec base: 0x08000000, Load base: 0x08000000, Size: 0x00004a3c, Max: 0x00010000, ABSOLUTE)

    Exec Addr    Load Addr    Size         Type   Attr      Idx    E Section Name        Object

    0x08000000   0x08000000   0x000000ec   Data   RO          857    RESET               startup_stm32f10x_md.o
    0x080000ec   0x080000ec   0x00000000   Code   RO         3874  * .ARM.Collect$$$$00000000  mc_w.l(entry.o)
    0x080000ec   0x080000ec   0x00000004   Code   RO         4160    .ARM.Collect$$$$00000001  mc_w.l(entry2.o)
    0x080000f0   0x080000f0   0x00000004   Code   RO         4163    .ARM.Collect$$$$00000004  mc_w.l(entry5.o)
    0x080000f4   0x080000f4   0x00000000   Code   RO         4165    .ARM.Collect$$$$00000008  mc_w.l(entry7b.o)
    0x080000f4   0x080000f4   0x00000000   Code   RO         4167    .ARM.Collect$$$$0000000A  mc_w.l(entry8b.o)
    0x080000f4   0x080000f4   0x00000008   Code   RO         4168    .ARM.Collect$$$$0000000B  mc_w.l(entry9a.o)
    0x080000fc   0x080000fc   0x00000000   Code   RO         4170    .ARM.Collect$$$$0000000D  mc_w.l(entry10a.o)
    0x080000fc   0x080000fc   0x00000000   Code   RO         4172    .ARM.Collect$$$$0000000F  mc_w.l(entry11a.o)
    0x080000fc   0x080000fc   0x00000004   Code   RO         4161    .ARM.Collect$$$$00002712  mc_w.l(entry2.o)
    0x08000100   0x08000100   0x00000024   Code   RO          858    .text               startup_stm32f10x_md.o
    0x08000124   0x08000124   0x00000024   Code   RO         3877    .text               mc_w.l(memcpya.o)
    0x08000148   0x08000148   0x0000001a   Code   RO         4142    .text               mc_w.l(atoi.o)
    0x08000162   0x08000162   0x0000014e   Code   RO         4144    .text               mf_w.l(dadd.o)
    0x080002b0   0x080002b0   0x000000e4   Code   RO         4146    .text               mf_w.l(dmul.o)
    0x08000394   0x08000394   0x0000000a   Code   RO         4148    .text               mf_w.l(ffltui.o)
    0x0800039e   0x0800039e   0x00000022   Code   RO         4150    .text               mf_w.l(dflti.o)
    0x080003c0   0x080003c0   0x00000026   Code   RO         4152    .text               mf_w.l(f2d.o)
    0x080003e6   0x080003e6   0x00000038   Code   RO         4154    .text               mf_w.l(d2f.o)
    0x0800041e   0x0800041e   0x00000002   PAD
    0x08000420   0x08000420   0x00000014   Code   RO         4156    .text               mf_w.l(cfcmple.o)
    0x08000434   0x08000434   0x00000014   Code   RO         4158    .text               mf_w.l(cfrcmple.o)
    0x08000448   0x08000448   0x0000002c   Code   RO         4177    .text               mc_w.l(uidiv.o)
    0x08000474   0x08000474   0x00000062   Code   RO         4179    .text               mc_w.l(uldiv.o)
    0x080004d6   0x080004d6   0x0000001e   Code   RO         4181    .text               mc_w.l(llshl.o)
    0x080004f4   0x080004f4   0x00000024   Code   RO         4183    .text               mc_w.l(llsshr.o)
    0x08000518   0x08000518   0x00000070   Code   RO         4192    .text               mc_w.l(strtol.o)
    0x08000588   0x08000588   0x00000000   Code   RO         4194    .text               mc_w.l(iusefp.o)
    0x08000588   0x08000588   0x0000006e   Code   RO         4195    .text               mf_w.l(fepilogue.o)
    0x080005f6   0x080005f6   0x000000ba   Code   RO         4197    .text               mf_w.l(depilogue.o)
    0x080006b0   0x080006b0   0x000000de   Code   RO         4199    .text               mf_w.l(ddiv.o)
    0x0800078e   0x0800078e   0x00000030   Code   RO         4201    .text               mf_w.l(dfixul.o)
    0x080007be   0x080007be   0x00000002   PAD
    0x080007c0   0x080007c0   0x00000030   Code   RO         4203    .text               mf_w.l(cdrcmple.o)
    0x080007f0   0x080007f0   0x00000024   Code   RO         4205    .text               mc_w.l(init.o)
    0x08000814   0x08000814   0x00000020   Code   RO         4208    .text               mc_w.l(llushr.o)
    0x08000834   0x08000834   0x00000008   Code   RO         4210    .text               mc_w.l(ctype_o.o)
    0x0800083c   0x0800083c   0x0000009e   Code   RO         4238    .text               mc_w.l(_strtoul.o)
    0x080008da   0x080008da   0x0000001c   Code   RO         4241    .text               mc_w.l(_chval.o)
    0x080008f6   0x080008f6   0x00000016   Code   RO          949    i.ADC_Cmd           stm32f10x_adc.o
    0x0800090c   0x0800090c   0x0000005c   Code   RO          951    i.ADC_DeInit        stm32f10x_adc.o
    0x08000968   0x08000968   0x00000014   Code   RO          957    i.ADC_GetCalibrationStatus  stm32f10x_adc.o
    0x0800097c   0x0800097c   0x00000008   Code   RO          958    i.ADC_GetConversionValue  stm32f10x_adc.o
    0x08000984   0x08000984   0x00000012   Code   RO          960    i.ADC_GetFlagStatus  stm32f10x_adc.o
    0x08000996   0x08000996   0x00000014   Code   RO          963    i.ADC_GetResetCalibrationStatus  stm32f10x_adc.o
    0x080009aa   0x080009aa   0x00000002   PAD
    0x080009ac   0x080009ac   0x00000050   Code   RO          967    i.ADC_Init          stm32f10x_adc.o
    0x080009fc   0x080009fc   0x000000b8   Code   RO          971    i.ADC_RegularChannelConfig  stm32f10x_adc.o
    0x08000ab4   0x08000ab4   0x0000000a   Code   RO          972    i.ADC_ResetCalibration  stm32f10x_adc.o
    0x08000abe   0x08000abe   0x00000016   Code   RO          974    i.ADC_SoftwareStartConvCmd  stm32f10x_adc.o
    0x08000ad4   0x08000ad4   0x0000000a   Code   RO          976    i.ADC_StartCalibration  stm32f10x_adc.o
    0x08000ade   0x08000ade   0x00000002   PAD
    0x08000ae0   0x08000ae0   0x00000068   Code   RO          173    i.Action            menu.o
    0x08000b48   0x08000b48   0x0000008c   Code   RO          829    i.Adc_Init          adc.o
    0x08000bd4   0x08000bd4   0x00000094   Code   RO          174    i.Asterisk          menu.o
    0x08000c68   0x08000c68   0x0000009c   Code   RO          175    i.Automatic         menu.o
    0x08000d04   0x08000d04   0x0000001a   Code   RO          260    i.BdgFlashInit      bridgeflash.o
    0x08000d1e   0x08000d1e   0x00000002   PAD
    0x08000d20   0x08000d20   0x00000038   Code   RO          739    i.Beep_Init         bsp_beep.o
    0x08000d58   0x08000d58   0x00000004   Code   RO          402    i.BusFault_Handler  stm32f10x_it.o
    0x08000d5c   0x08000d5c   0x00000048   Code   RO          753    i.DS18B20_Init      ds18b20.o
    0x08000da4   0x08000da4   0x00000034   Code   RO          754    i.DS18B20_ReadBit   ds18b20.o
    0x08000dd8   0x08000dd8   0x0000001e   Code   RO          755    i.DS18B20_ReadByte  ds18b20.o
    0x08000df6   0x08000df6   0x00000002   PAD
    0x08000df8   0x08000df8   0x0000003c   Code   RO          756    i.DS18B20_Reset     ds18b20.o
    0x08000e34   0x08000e34   0x00000034   Code   RO          757    i.DS18B20_WriteBit  ds18b20.o
    0x08000e68   0x08000e68   0x0000001c   Code   RO          758    i.DS18B20_WriteByte  ds18b20.o
    0x08000e84   0x08000e84   0x00000002   Code   RO          403    i.DebugMon_Handler  stm32f10x_it.o
    0x08000e86   0x08000e86   0x0000001a   Code   RO          466    i.Delay_1ms         bsp_oled_iic.o
    0x08000ea0   0x08000ea0   0x00000108   Code   RO          176    i.Display           menu.o
    0x08000fa8   0x08000fa8   0x0000015c   Code   RO          804    i.DripRate_Check    drip.o
    0x08001104   0x08001104   0x0000002c   Code   RO          805    i.Drip_Init         drip.o
    0x08001130   0x08001130   0x0000000c   Code   RO         1758    i.FLASH_ClearFlag   stm32f10x_flash.o
    0x0800113c   0x0800113c   0x0000004c   Code   RO         1763    i.FLASH_ErasePage   stm32f10x_flash.o
    0x08001188   0x08001188   0x0000002a   Code   RO          261    i.FLASH_ErasePage_user  bridgeflash.o
    0x080011b2   0x080011b2   0x00000002   PAD
    0x080011b4   0x080011b4   0x00000034   Code   RO         1764    i.FLASH_GetBank1Status  stm32f10x_flash.o
    0x080011e8   0x080011e8   0x00000014   Code   RO         1773    i.FLASH_Lock        stm32f10x_flash.o
    0x080011fc   0x080011fc   0x00000040   Code   RO         1776    i.FLASH_ProgramHalfWord  stm32f10x_flash.o
    0x0800123c   0x0800123c   0x0000001a   Code   RO          262    i.FLASH_ReadData    bridgeflash.o
    0x08001256   0x08001256   0x00000002   PAD
    0x08001258   0x08001258   0x00000018   Code   RO         1781    i.FLASH_Unlock      stm32f10x_flash.o
    0x08001270   0x08001270   0x00000026   Code   RO         1785    i.FLASH_WaitForLastOperation  stm32f10x_flash.o
    0x08001296   0x08001296   0x0000004c   Code   RO          263    i.FLASH_WriteData   bridgeflash.o
    0x080012e2   0x080012e2   0x00000116   Code   RO         2058    i.GPIO_Init         stm32f10x_gpio.o
    0x080013f8   0x080013f8   0x00000012   Code   RO         2062    i.GPIO_ReadInputDataBit  stm32f10x_gpio.o
    0x0800140a   0x0800140a   0x00000004   Code   RO         2065    i.GPIO_ResetBits    stm32f10x_gpio.o
    0x0800140e   0x0800140e   0x00000004   Code   RO         2066    i.GPIO_SetBits      stm32f10x_gpio.o
    0x08001412   0x08001412   0x00000002   PAD
    0x08001414   0x08001414   0x00000044   Code   RO          344    i.GetSysTime_us     delay.o
    0x08001458   0x08001458   0x00000034   Code   RO          830    i.Get_Adc           adc.o
    0x0800148c   0x0800148c   0x0000002e   Code   RO          831    i.Get_Adc_Average   adc.o
    0x080014ba   0x080014ba   0x0000001a   Code   RO          345    i.HAL_Delay         delay.o
    0x080014d4   0x080014d4   0x0000000c   Code   RO          346    i.HAL_GetTick       delay.o
    0x080014e0   0x080014e0   0x00000004   Code   RO          404    i.HardFault_Handler  stm32f10x_it.o
    0x080014e4   0x080014e4   0x0000005c   Code   RO          470    i.I2C_SendByte      bsp_oled_iic.o
    0x08001540   0x08001540   0x00000060   Code   RO          471    i.I2C_Start         bsp_oled_iic.o
    0x080015a0   0x080015a0   0x0000003c   Code   RO          472    i.I2C_Stop          bsp_oled_iic.o
    0x080015dc   0x080015dc   0x0000005c   Code   RO          473    i.I2C_WaitAck       bsp_oled_iic.o
    0x08001638   0x08001638   0x0000000e   Code   RO          474    i.I2C_delay         bsp_oled_iic.o
    0x08001646   0x08001646   0x00000002   PAD
    0x08001648   0x08001648   0x00000040   Code   RO          662    i.KEY_Init          key.o
    0x08001688   0x08001688   0x00000014   Code   RO          663    i.Key1Press         key.o
    0x0800169c   0x0800169c   0x00000014   Code   RO          664    i.Key2Press         key.o
    0x080016b0   0x080016b0   0x00000014   Code   RO          665    i.Key3Press         key.o
    0x080016c4   0x080016c4   0x00000014   Code   RO          666    i.Key4Press         key.o
    0x080016d8   0x080016d8   0x00000168   Code   RO          667    i.KeyScan           key.o
    0x08001840   0x08001840   0x0000002c   Code   RO          711    i.LED_GPIO_Config   led.o
    0x0800186c   0x0800186c   0x00000004   Code   RO          405    i.MemManage_Handler  stm32f10x_it.o
    0x08001870   0x08001870   0x00000074   Code   RO          177    i.Mode_selection    menu.o
    0x080018e4   0x080018e4   0x00000002   Code   RO          406    i.NMI_Handler       stm32f10x_it.o
    0x080018e6   0x080018e6   0x00000044   Code   RO          246    i.NVIC_Config       sys.o
    0x0800192a   0x0800192a   0x00000002   PAD
    0x0800192c   0x0800192c   0x00000070   Code   RO          907    i.NVIC_Init         misc.o
    0x0800199c   0x0800199c   0x00000014   Code   RO          908    i.NVIC_PriorityGroupConfig  misc.o
    0x080019b0   0x080019b0   0x00000028   Code   RO          347    i.NVIC_SetPriority  delay.o
    0x080019d8   0x080019d8   0x00000028   Code   RO          477    i.OLED_Set_Pos      bsp_oled_iic.o
    0x08001a00   0x08001a00   0x000000a4   Code   RO          478    i.OLED_ShowChar     bsp_oled_iic.o
    0x08001aa4   0x08001aa4   0x00000050   Code   RO          480    i.OLED_ShowFNum     bsp_oled_iic.o
    0x08001af4   0x08001af4   0x0000002c   Code   RO          481    i.OLED_WR_Byte      bsp_oled_iic.o
    0x08001b20   0x08001b20   0x00000002   Code   RO          407    i.PendSV_Handler    stm32f10x_it.o
    0x08001b22   0x08001b22   0x00000002   PAD
    0x08001b24   0x08001b24   0x00000018   Code   RO         2472    i.RCC_ADCCLKConfig  stm32f10x_rcc.o
    0x08001b3c   0x08001b3c   0x00000020   Code   RO         2474    i.RCC_APB1PeriphClockCmd  stm32f10x_rcc.o
    0x08001b5c   0x08001b5c   0x00000020   Code   RO         2475    i.RCC_APB1PeriphResetCmd  stm32f10x_rcc.o
    0x08001b7c   0x08001b7c   0x00000020   Code   RO         2476    i.RCC_APB2PeriphClockCmd  stm32f10x_rcc.o
    0x08001b9c   0x08001b9c   0x00000020   Code   RO         2477    i.RCC_APB2PeriphResetCmd  stm32f10x_rcc.o
    0x08001bbc   0x08001bbc   0x00000038   Code   RO          725    i.RELAY_GPIO_Config  relay.o
    0x08001bf4   0x08001bf4   0x00000002   Code   RO          408    i.SVC_Handler       stm32f10x_it.o
    0x08001bf6   0x08001bf6   0x00000008   Code   RO          873    i.SetSysClock       system_stm32f10x.o
    0x08001bfe   0x08001bfe   0x00000002   PAD
    0x08001c00   0x08001c00   0x000000e0   Code   RO          874    i.SetSysClockTo72   system_stm32f10x.o
    0x08001ce0   0x08001ce0   0x00000046   Code   RO          483    i.Single_Write      bsp_oled_iic.o
    0x08001d26   0x08001d26   0x00000002   PAD
    0x08001d28   0x08001d28   0x00000010   Code   RO          409    i.SysTick_Handler   stm32f10x_it.o
    0x08001d38   0x08001d38   0x00000060   Code   RO          876    i.SystemInit        system_stm32f10x.o
    0x08001d98   0x08001d98   0x00000054   Code   RO          322    i.TIM1_Int_Init     time1.o
    0x08001dec   0x08001dec   0x00000070   Code   RO          323    i.TIM1_UP_IRQHandler  time1.o
    0x08001e5c   0x08001e5c   0x0000001a   Code   RO          226    i.TIM2_IRQHandler   time2.o
    0x08001e76   0x08001e76   0x00000050   Code   RO          227    i.TIM2_Init         time2.o
    0x08001ec6   0x08001ec6   0x00000006   Code   RO         3102    i.TIM_ClearFlag     stm32f10x_tim.o
    0x08001ecc   0x08001ecc   0x00000006   Code   RO         3103    i.TIM_ClearITPendingBit  stm32f10x_tim.o
    0x08001ed2   0x08001ed2   0x00000018   Code   RO         3108    i.TIM_Cmd           stm32f10x_tim.o
    0x08001eea   0x08001eea   0x00000002   PAD
    0x08001eec   0x08001eec   0x000001e8   Code   RO         3113    i.TIM_DeInit        stm32f10x_tim.o
    0x080020d4   0x080020d4   0x00000022   Code   RO         3129    i.TIM_GetITStatus   stm32f10x_tim.o
    0x080020f6   0x080020f6   0x00000012   Code   RO         3133    i.TIM_ITConfig      stm32f10x_tim.o
    0x08002108   0x08002108   0x000000a4   Code   RO         3179    i.TIM_TimeBaseInit  stm32f10x_tim.o
    0x080021ac   0x080021ac   0x00000012   Code   RO         3180    i.TIM_TimeBaseStructInit  stm32f10x_tim.o
    0x080021be   0x080021be   0x00000002   PAD
    0x080021c0   0x080021c0   0x0000004c   Code   RO          264    i.Threshold_Init    bridgeflash.o
    0x0800220c   0x0800220c   0x00000204   Code   RO          178    i.Threshold_Settings  menu.o
    0x08002410   0x08002410   0x00000004   Code   RO          410    i.UsageFault_Handler  stm32f10x_it.o
    0x08002414   0x08002414   0x00000028   Code   RO         4116    i.__0sprintf        mc_w.l(printfa.o)
    0x0800243c   0x0800243c   0x00000008   Code   RO         4185    i.__aeabi_errno_addr  mc_w.l(errno.o)
    0x08002444   0x08002444   0x0000000e   Code   RO         4245    i.__scatterload_copy  mc_w.l(handlers.o)
    0x08002452   0x08002452   0x00000002   Code   RO         4246    i.__scatterload_null  mc_w.l(handlers.o)
    0x08002454   0x08002454   0x0000000e   Code   RO         4247    i.__scatterload_zeroinit  mc_w.l(handlers.o)
    0x08002462   0x08002462   0x00000002   PAD
    0x08002464   0x08002464   0x00000184   Code   RO         4121    i._fp_digits        mc_w.l(printfa.o)
    0x080025e8   0x080025e8   0x000006dc   Code   RO         4122    i._printf_core      mc_w.l(printfa.o)
    0x08002cc4   0x08002cc4   0x00000024   Code   RO         4123    i._printf_post_padding  mc_w.l(printfa.o)
    0x08002ce8   0x08002ce8   0x0000002e   Code   RO         4124    i._printf_pre_padding  mc_w.l(printfa.o)
    0x08002d16   0x08002d16   0x0000000a   Code   RO         4126    i._sputc            mc_w.l(printfa.o)
    0x08002d20   0x08002d20   0x0000000c   Code   RO          484    i.delay5ms          bsp_oled_iic.o
    0x08002d2c   0x08002d2c   0x000000bc   Code   RO          348    i.delay_init        delay.o
    0x08002de8   0x08002de8   0x0000000c   Code   RO          349    i.delay_ms          delay.o
    0x08002df4   0x08002df4   0x0000001a   Code   RO          350    i.delay_us          delay.o
    0x08002e0e   0x08002e0e   0x00000002   PAD
    0x08002e10   0x08002e10   0x0000007c   Code   RO            1    i.main              main.o
    0x08002e8c   0x08002e8c   0x0000003e   Code   RO          486    i.oled_Clear        bsp_oled_iic.o
    0x08002eca   0x08002eca   0x00000002   PAD
    0x08002ecc   0x08002ecc   0x00000144   Code   RO          492    i.oled_Init         bsp_oled_iic.o
    0x08003010   0x08003010   0x00000068   Code   RO          494    i.oled_ShowCHinese  bsp_oled_iic.o
    0x08003078   0x08003078   0x00000088   Code   RO          495    i.oled_ShowNum      bsp_oled_iic.o
    0x08003100   0x08003100   0x0000003a   Code   RO          496    i.oled_ShowString   bsp_oled_iic.o
    0x0800313a   0x0800313a   0x00000016   Code   RO          497    i.oled_pow          bsp_oled_iic.o
    0x08003150   0x08003150   0x00000018   Code   RO          265    i.read_config       bridgeflash.o
    0x08003168   0x08003168   0x0000009c   Code   RO          759    i.read_ds18b20      ds18b20.o
    0x08003204   0x08003204   0x00000038   Code   RO          266    i.save_Threshold    bridgeflash.o
    0x0800323c   0x0800323c   0x00000018   Code   RO          267    i.write_config      bridgeflash.o
    0x08003254   0x08003254   0x00001740   Data   RO          498    .constdata          bsp_oled_iic.o
    0x08004994   0x08004994   0x00000081   Data   RO         4211    .constdata          mc_w.l(ctype_o.o)
    0x08004a15   0x08004a15   0x00000003   PAD
    0x08004a18   0x08004a18   0x00000004   Data   RO         4212    .constdata          mc_w.l(ctype_o.o)
    0x08004a1c   0x08004a1c   0x00000020   Data   RO         4243    Region$$Table       anon$$obj.o


    Execution Region RW_IRAM1 (Exec base: 0x20000000, Load base: 0x08004a3c, Size: 0x00000680, Max: 0x00005000, ABSOLUTE)

    Exec Addr    Load Addr    Size         Type   Attr      Idx    E Section Name        Object

    0x20000000   0x08004a3c   0x00000010   Data   RW            3    .data               main.o
    0x20000010   0x08004a4c   0x00000003   Data   RW          180    .data               menu.o
    0x20000013   0x08004a4f   0x00000001   PAD
    0x20000014   0x08004a50   0x00000004   Data   RW          325    .data               time1.o
    0x20000018   0x08004a54   0x00000004   Data   RW          352    .data               delay.o
    0x2000001c   0x08004a58   0x00000001   Data   RW          499    .data               bsp_oled_iic.o
    0x2000001d   0x08004a59   0x00000003   PAD
    0x20000020   0x08004a5c   0x0000000c   Data   RW          669    .data               key.o
    0x2000002c   0x08004a68   0x00000001   Data   RW          761    .data               ds18b20.o
    0x2000002d   0x08004a69   0x00000003   PAD
    0x20000030   0x08004a6c   0x00000038   Data   RW          807    .data               drip.o
    0x20000068   0x08004aa4   0x00000014   Data   RW          877    .data               system_stm32f10x.o
    0x2000007c   0x08004ab8   0x00000004   Data   RW         4188    .data               mc_w.l(errno.o)
    0x20000080        -       0x00000200   Zero   RW          268    .bss                bridgeflash.o
    0x20000280        -       0x00000400   Zero   RW          855    STACK               startup_stm32f10x_md.o


==============================================================================

Image component sizes


      Code (inc. data)   RO Data    RW Data    ZI Data      Debug   Object Name

       238         14          0          0          0       1735   adc.o
       350         32          0          0        512       6092   bridgeflash.o
        56          6          0          0          0        488   bsp_beep.o
      1496         56       5952          1          0      11264   bsp_oled_iic.o
       372         34          0          4          0      19264   delay.o
       392         38          0         56          0       1821   drip.o
       450         26          0          1          0       4042   ds18b20.o
       504         42          0         12          0       3187   key.o
        44          4          0          0          0        478   led.o
       124          6          0         16          0     255217   main.o
      1304        106          0          3          0       3615   menu.o
       132         22          0          0          0       1667   misc.o
        56          6          0          0          0        500   relay.o
        36          8        236          0       1024        868   startup_stm32f10x_md.o
       486         24          0          0          0       9082   stm32f10x_adc.o
       286         36          0          0          0       4212   stm32f10x_flash.o
       304          0          0          0          0       3868   stm32f10x_gpio.o
        40          4          0          0          0       3838   stm32f10x_it.o
       152         30          0          0          0       3023   stm32f10x_rcc.o
       758        106          0          0          0       5780   stm32f10x_tim.o
        68          0          0          0          0        494   sys.o
       328         28          0         20          0       2253   system_stm32f10x.o
       196         28          0          4          0       1385   time1.o
       106          0          0          0          0       1062   time2.o

    ----------------------------------------------------------------------
      8310        656       6220        124       1536     345235   Object Totals
         0          0         32          0          0          0   (incl. Generated)
        32          0          0          7          0          0   (incl. Padding)

    ----------------------------------------------------------------------

      Code (inc. data)   RO Data    RW Data    ZI Data      Debug   Library Member Name

        28          0          0          0          0         68   _chval.o
       158          0          0          0          0         92   _strtoul.o
        26          0          0          0          0         80   atoi.o
         8          4        133          0          0         68   ctype_o.o
         0          0          0          0          0          0   entry.o
         0          0          0          0          0          0   entry10a.o
         0          0          0          0          0          0   entry11a.o
         8          4          0          0          0          0   entry2.o
         4          0          0          0          0          0   entry5.o
         0          0          0          0          0          0   entry7b.o
         0          0          0          0          0          0   entry8b.o
         8          4          0          0          0          0   entry9a.o
         8          4          0          4          0         68   errno.o
        30          0          0          0          0          0   handlers.o
        36          8          0          0          0         68   init.o
         0          0          0          0          0          0   iusefp.o
        30          0          0          0          0         68   llshl.o
        36          0          0          0          0         68   llsshr.o
        32          0          0          0          0         68   llushr.o
        36          0          0          0          0         68   memcpya.o
      2276         86          0          0          0        520   printfa.o
       112          0          0          0          0         88   strtol.o
        44          0          0          0          0         80   uidiv.o
        98          0          0          0          0         92   uldiv.o
        48          0          0          0          0         68   cdrcmple.o
        20          0          0          0          0         68   cfcmple.o
        20          0          0          0          0         68   cfrcmple.o
        56          0          0          0          0         88   d2f.o
       334          0          0          0          0        148   dadd.o
       222          0          0          0          0        100   ddiv.o
       186          0          0          0          0        176   depilogue.o
        48          0          0          0          0         68   dfixul.o
        34          0          0          0          0         76   dflti.o
       228          0          0          0          0         96   dmul.o
        38          0          0          0          0         68   f2d.o
       110          0          0          0          0        168   fepilogue.o
        10          0          0          0          0         68   ffltui.o

    ----------------------------------------------------------------------
      4338        110        136          4          0       2756   Library Totals
         6          0          3          0          0          0   (incl. Padding)

    ----------------------------------------------------------------------

      Code (inc. data)   RO Data    RW Data    ZI Data      Debug   Library Name

      2978        110        133          4          0       1496   mc_w.l
      1354          0          0          0          0       1260   mf_w.l

    ----------------------------------------------------------------------
      4338        110        136          4          0       2756   Library Totals

    ----------------------------------------------------------------------

==============================================================================


      Code (inc. data)   RO Data    RW Data    ZI Data      Debug   

     12648        766       6356        128       1536     340915   Grand Totals
     12648        766       6356        128       1536     340915   ELF Image Totals
     12648        766       6356        128          0          0   ROM Totals

==============================================================================

    Total RO  Size (Code + RO Data)                19004 (  18.56kB)
    Total RW  Size (RW Data + ZI Data)              1664 (   1.63kB)
    Total ROM Size (Code + RO Data + RW Data)      19132 (  18.68kB)

==============================================================================

